MPI processes: 32
Dataset: data/gisette/gisette_local_train.svm
Epochs: 100
Learning rate: 0.01
Lambda: 0.01
Overlap: disabled
[mpi] epoch 1 time 0.00263767s train_loss 7.56955 train_acc 0.755208 test_loss 7.55779 test_acc 0.755833
[mpi] epoch 2 time 0.00488905s train_loss 17.9631 train_acc 0.500625 test_loss 18.0495 test_acc 0.4975
[mpi] epoch 3 time 0.00712154s train_loss 24.15 train_acc 0.499375 test_loss 24.0636 test_acc 0.5025
[mpi] epoch 4 time 0.00925954s train_loss 23.1713 train_acc 0.508958 test_loss 23.2346 test_acc 0.506667
[mpi] epoch 5 time 0.0115445s train_loss 35.5917 train_acc 0.499375 test_loss 35.5054 test_acc 0.5025
[mpi] epoch 6 time 0.0141404s train_loss 28.3579 train_acc 0.744583 test_loss 28.2773 test_acc 0.7475
[mpi] epoch 7 time 0.0166705s train_loss 27.8215 train_acc 0.812917 test_loss 27.879 test_acc 0.810833
[mpi] epoch 8 time 0.0188483s train_loss 26.8928 train_acc 0.860625 test_loss 27.1864 test_acc 0.85
[mpi] epoch 9 time 0.0210086s train_loss 25.0974 train_acc 0.9175 test_loss 25.1487 test_acc 0.915833
[mpi] epoch 10 time 0.0231604s train_loss 24.4036 train_acc 0.926667 test_loss 24.4957 test_acc 0.923333
[mpi] epoch 11 time 0.0253185s train_loss 23.7917 train_acc 0.933125 test_loss 23.855 test_acc 0.930833
[mpi] epoch 12 time 0.0274774s train_loss 23.3519 train_acc 0.934583 test_loss 23.4325 test_acc 0.931667
[mpi] epoch 13 time 0.0296378s train_loss 22.8995 train_acc 0.937708 test_loss 23.0434 test_acc 0.9325
[mpi] epoch 14 time 0.0317788s train_loss 22.4985 train_acc 0.94 test_loss 22.6163 test_acc 0.935833
[mpi] epoch 15 time 0.033911s train_loss 22.0956 train_acc 0.943542 test_loss 22.3316 test_acc 0.935
[mpi] epoch 16 time 0.0364866s train_loss 21.7264 train_acc 0.946458 test_loss 21.9786 test_acc 0.9375
[mpi] epoch 17 time 0.038594s train_loss 21.4038 train_acc 0.94875 test_loss 21.6455 test_acc 0.94
[mpi] epoch 18 time 0.0407509s train_loss 21.1458 train_acc 0.949167 test_loss 21.3761 test_acc 0.940833
[mpi] epoch 19 time 0.0429319s train_loss 20.8527 train_acc 0.951458 test_loss 21.1002 test_acc 0.9425
[mpi] epoch 20 time 0.0450543s train_loss 20.6094 train_acc 0.9525 test_loss 20.8627 test_acc 0.943333
[mpi] epoch 21 time 0.0471989s train_loss 20.3509 train_acc 0.954583 test_loss 20.6157 test_acc 0.945
[mpi] epoch 22 time 0.0493328s train_loss 20.1451 train_acc 0.955208 test_loss 20.358 test_acc 0.9475
[mpi] epoch 23 time 0.0515011s train_loss 19.9161 train_acc 0.957083 test_loss 20.1579 test_acc 0.948333
[mpi] epoch 24 time 0.0539163s train_loss 19.7223 train_acc 0.957917 test_loss 19.9909 test_acc 0.948333
[mpi] epoch 25 time 0.0560727s train_loss 19.5108 train_acc 0.96 test_loss 19.8562 test_acc 0.9475
[mpi] epoch 26 time 0.0582271s train_loss 19.3325 train_acc 0.961042 test_loss 19.6609 test_acc 0.949167
[mpi] epoch 27 time 0.0604165s train_loss 19.1284 train_acc 0.963125 test_loss 19.4964 test_acc 0.95
[mpi] epoch 28 time 0.0625819s train_loss 18.9818 train_acc 0.96375 test_loss 19.3387 test_acc 0.950833
[mpi] epoch 29 time 0.0647493s train_loss 18.8076 train_acc 0.965417 test_loss 19.1875 test_acc 0.951667
[mpi] epoch 30 time 0.06691s train_loss 18.6564 train_acc 0.966458 test_loss 19.019 test_acc 0.953333
[mpi] epoch 31 time 0.069052s train_loss 18.5162 train_acc 0.967292 test_loss 18.9019 test_acc 0.953333
[mpi] epoch 32 time 0.0712167s train_loss 18.4046 train_acc 0.967292 test_loss 18.8133 test_acc 0.9525
[mpi] epoch 33 time 0.0733701s train_loss 18.2575 train_acc 0.96875 test_loss 18.6374 test_acc 0.955
[mpi] epoch 34 time 0.0755099s train_loss 18.1493 train_acc 0.968958 test_loss 18.581 test_acc 0.953333
[mpi] epoch 35 time 0.0776639s train_loss 18.0225 train_acc 0.97 test_loss 18.414 test_acc 0.955833
[mpi] epoch 36 time 0.0798155s train_loss 17.8855 train_acc 0.971458 test_loss 18.2965 test_acc 0.956667
[mpi] epoch 37 time 0.0819899s train_loss 17.7742 train_acc 0.972292 test_loss 18.229 test_acc 0.955833
[mpi] epoch 38 time 0.084499s train_loss 17.7017 train_acc 0.971667 test_loss 18.096 test_acc 0.9575
[mpi] epoch 39 time 0.0866353s train_loss 17.5634 train_acc 0.97375 test_loss 18.0124 test_acc 0.9575
[mpi] epoch 40 time 0.0887926s train_loss 17.4829 train_acc 0.97375 test_loss 17.8859 test_acc 0.959167
[mpi] epoch 41 time 0.0914761s train_loss 17.3982 train_acc 0.973958 test_loss 17.8544 test_acc 0.9575
[mpi] epoch 42 time 0.0938131s train_loss 17.3078 train_acc 0.974583 test_loss 17.7338 test_acc 0.959167
[mpi] epoch 43 time 0.0960405s train_loss 17.2246 train_acc 0.975 test_loss 17.6851 test_acc 0.958333
[mpi] epoch 44 time 0.0986589s train_loss 17.1326 train_acc 0.975833 test_loss 17.5931 test_acc 0.959167
[mpi] epoch 45 time 0.10081s train_loss 17.0606 train_acc 0.976042 test_loss 17.5499 test_acc 0.958333
[mpi] epoch 46 time 0.102927s train_loss 16.9971 train_acc 0.976042 test_loss 17.4736 test_acc 0.958333
[mpi] epoch 47 time 0.105088s train_loss 16.9364 train_acc 0.976042 test_loss 17.4257 test_acc 0.958333
[mpi] epoch 48 time 0.107252s train_loss 16.8955 train_acc 0.975417 test_loss 17.4136 test_acc 0.956667
[mpi] epoch 49 time 0.109394s train_loss 16.8406 train_acc 0.975417 test_loss 17.2205 test_acc 0.961667
[mpi] epoch 50 time 0.111532s train_loss 16.7588 train_acc 0.976458 test_loss 17.3056 test_acc 0.956667
[mpi] epoch 51 time 0.113697s train_loss 16.6851 train_acc 0.977292 test_loss 17.1168 test_acc 0.961667
[mpi] epoch 52 time 0.115854s train_loss 16.6184 train_acc 0.977917 test_loss 17.2056 test_acc 0.956667
[mpi] epoch 53 time 0.118534s train_loss 16.5419 train_acc 0.978958 test_loss 17.0197 test_acc 0.961667
[mpi] epoch 54 time 0.120686s train_loss 16.4568 train_acc 0.980208 test_loss 17.1342 test_acc 0.955833
[mpi] epoch 55 time 0.122837s train_loss 16.4272 train_acc 0.979792 test_loss 16.928 test_acc 0.961667
[mpi] epoch 56 time 0.124962s train_loss 16.3552 train_acc 0.980833 test_loss 17.046 test_acc 0.955833
[mpi] epoch 57 time 0.127114s train_loss 16.3078 train_acc 0.981042 test_loss 16.8201 test_acc 0.9625
[mpi] epoch 58 time 0.129262s train_loss 16.2446 train_acc 0.981875 test_loss 16.9641 test_acc 0.955833
[mpi] epoch 59 time 0.131407s train_loss 16.2058 train_acc 0.981875 test_loss 16.7411 test_acc 0.9625
[mpi] epoch 60 time 0.133565s train_loss 16.1335 train_acc 0.983125 test_loss 16.7955 test_acc 0.959167
[mpi] epoch 61 time 0.135786s train_loss 16.045 train_acc 0.985 test_loss 16.7127 test_acc 0.960833
[mpi] epoch 62 time 0.137992s train_loss 16.0207 train_acc 0.984583 test_loss 16.677 test_acc 0.960833
[mpi] epoch 63 time 0.140151s train_loss 15.9607 train_acc 0.985208 test_loss 16.5965 test_acc 0.9625
[mpi] epoch 64 time 0.142289s train_loss 15.9153 train_acc 0.985833 test_loss 16.6095 test_acc 0.960833
[mpi] epoch 65 time 0.144408s train_loss 15.8816 train_acc 0.986042 test_loss 16.5781 test_acc 0.960833
[mpi] epoch 66 time 0.146606s train_loss 15.8689 train_acc 0.985208 test_loss 16.5476 test_acc 0.960833
[mpi] epoch 67 time 0.148759s train_loss 15.8265 train_acc 0.985833 test_loss 16.5185 test_acc 0.960833
[mpi] epoch 68 time 0.150894s train_loss 15.8053 train_acc 0.985625 test_loss 16.5134 test_acc 0.96
[mpi] epoch 69 time 0.153042s train_loss 15.7554 train_acc 0.986458 test_loss 16.4634 test_acc 0.960833
[mpi] epoch 70 time 0.155205s train_loss 15.6769 train_acc 0.988333 test_loss 16.4155 test_acc 0.960833
[mpi] epoch 71 time 0.157367s train_loss 15.6509 train_acc 0.988333 test_loss 16.4136 test_acc 0.96
[mpi] epoch 72 time 0.15952s train_loss 15.5911 train_acc 0.989583 test_loss 16.344 test_acc 0.961667
[mpi] epoch 73 time 0.161668s train_loss 15.5782 train_acc 0.989167 test_loss 16.3611 test_acc 0.960833
[mpi] epoch 74 time 0.163842s train_loss 15.5353 train_acc 0.989792 test_loss 16.3146 test_acc 0.961667
[mpi] epoch 75 time 0.165993s train_loss 15.5264 train_acc 0.989375 test_loss 16.3381 test_acc 0.96
[mpi] epoch 76 time 0.168122s train_loss 15.505 train_acc 0.989375 test_loss 16.2706 test_acc 0.961667
[mpi] epoch 77 time 0.170312s train_loss 15.519 train_acc 0.988125 test_loss 16.2892 test_acc 0.96
[mpi] epoch 78 time 0.172475s train_loss 15.5167 train_acc 0.9875 test_loss 16.2075 test_acc 0.9625
[mpi] epoch 79 time 0.174655s train_loss 15.5334 train_acc 0.98625 test_loss 16.1896 test_acc 0.9625
[mpi] epoch 80 time 0.17686s train_loss 15.5468 train_acc 0.985 test_loss 16.1957 test_acc 0.961667
[mpi] epoch 81 time 0.179005s train_loss 15.5303 train_acc 0.985208 test_loss 16.1807 test_acc 0.961667
[mpi] epoch 82 time 0.181141s train_loss 15.6084 train_acc 0.981875 test_loss 16.2358 test_acc 0.959167
[mpi] epoch 83 time 0.183254s train_loss 15.6219 train_acc 0.981042 test_loss 16.1572 test_acc 0.961667
[mpi] epoch 84 time 0.18545s train_loss 15.741 train_acc 0.976458 test_loss 16.2419 test_acc 0.958333
[mpi] epoch 85 time 0.18757s train_loss 15.6977 train_acc 0.977917 test_loss 16.1467 test_acc 0.961667
[mpi] epoch 86 time 0.189709s train_loss 15.8283 train_acc 0.973125 test_loss 16.3522 test_acc 0.954167
[mpi] epoch 87 time 0.191884s train_loss 15.7701 train_acc 0.975417 test_loss 16.15 test_acc 0.961667
[mpi] epoch 88 time 0.19402s train_loss 15.8047 train_acc 0.974167 test_loss 16.3113 test_acc 0.955833
[mpi] epoch 89 time 0.19617s train_loss 15.6892 train_acc 0.978333 test_loss 16.1088 test_acc 0.963333
[mpi] epoch 90 time 0.198358s train_loss 15.5996 train_acc 0.981667 test_loss 16.2213 test_acc 0.959167
[mpi] epoch 91 time 0.200509s train_loss 15.4155 train_acc 0.988125 test_loss 16.1005 test_acc 0.963333
[mpi] epoch 92 time 0.20265s train_loss 15.2544 train_acc 0.993542 test_loss 16.1122 test_acc 0.9625
[mpi] epoch 93 time 0.204779s train_loss 15.2411 train_acc 0.993542 test_loss 16.0758 test_acc 0.963333
[mpi] epoch 94 time 0.20694s train_loss 15.2112 train_acc 0.994167 test_loss 16.0401 test_acc 0.964167
[mpi] epoch 95 time 0.209097s train_loss 15.1991 train_acc 0.994167 test_loss 16.0711 test_acc 0.9625
[mpi] epoch 96 time 0.211238s train_loss 15.1819 train_acc 0.994375 test_loss 16.0396 test_acc 0.963333
[mpi] epoch 97 time 0.213378s train_loss 15.1767 train_acc 0.994167 test_loss 16.0747 test_acc 0.961667
[mpi] epoch 98 time 0.21549s train_loss 15.1547 train_acc 0.994583 test_loss 16.0412 test_acc 0.9625
[mpi] epoch 99 time 0.217652s train_loss 15.133 train_acc 0.995 test_loss 16.0771 test_acc 0.960833
[mpi] epoch 100 time 0.220174s train_loss 15.0943 train_acc 0.996042 test_loss 16.0211 test_acc 0.9625
Training finished in 0.220183 seconds.
