MPI processes: 16
Dataset: data/20newsgroup/20newsgroup_train.svm
Epochs: 200
Learning rate: 1
Lambda: 0.001
Overlap: disabled
[mpi] epoch 1 time 0.011028s train_loss 0.690467 train_acc 0.517417 test_loss 0.690304 test_acc 0.512133
[mpi] epoch 2 time 0.0207618s train_loss 0.687928 train_acc 0.548853 test_loss 0.687625 test_acc 0.54917
[mpi] epoch 3 time 0.0256952s train_loss 0.685473 train_acc 0.581138 test_loss 0.685046 test_acc 0.586207
[mpi] epoch 4 time 0.0303431s train_loss 0.683074 train_acc 0.623619 test_loss 0.682534 test_acc 0.634738
[mpi] epoch 5 time 0.0350096s train_loss 0.680717 train_acc 0.656754 test_loss 0.680073 test_acc 0.661558
[mpi] epoch 6 time 0.0397161s train_loss 0.678398 train_acc 0.677995 test_loss 0.677655 test_acc 0.687101
[mpi] epoch 7 time 0.0445518s train_loss 0.676112 train_acc 0.690739 test_loss 0.675276 test_acc 0.710089
[mpi] epoch 8 time 0.0493609s train_loss 0.673858 train_acc 0.707732 test_loss 0.672933 test_acc 0.726692
[mpi] epoch 9 time 0.0541209s train_loss 0.671634 train_acc 0.723874 test_loss 0.670624 test_acc 0.735632
[mpi] epoch 10 time 0.0589193s train_loss 0.669441 train_acc 0.729822 test_loss 0.668349 test_acc 0.753512
[mpi] epoch 11 time 0.0637301s train_loss 0.667277 train_acc 0.741716 test_loss 0.666106 test_acc 0.758621
[mpi] epoch 12 time 0.0682522s train_loss 0.665142 train_acc 0.75616 test_loss 0.663895 test_acc 0.766284
[mpi] epoch 13 time 0.0729344s train_loss 0.663035 train_acc 0.761257 test_loss 0.661714 test_acc 0.768838
[mpi] epoch 14 time 0.0777115s train_loss 0.660956 train_acc 0.764656 test_loss 0.659564 test_acc 0.776501
[mpi] epoch 15 time 0.0827111s train_loss 0.658904 train_acc 0.768904 test_loss 0.657443 test_acc 0.777778
[mpi] epoch 16 time 0.0875396s train_loss 0.656878 train_acc 0.776551 test_loss 0.655351 test_acc 0.781609
[mpi] epoch 17 time 0.092102s train_loss 0.654879 train_acc 0.779099 test_loss 0.653287 test_acc 0.786718
[mpi] epoch 18 time 0.0969554s train_loss 0.652906 train_acc 0.779949 test_loss 0.651252 test_acc 0.787995
[mpi] epoch 19 time 0.101665s train_loss 0.650958 train_acc 0.779949 test_loss 0.649244 test_acc 0.794381
[mpi] epoch 20 time 0.106577s train_loss 0.649035 train_acc 0.781648 test_loss 0.647262 test_acc 0.794381
[mpi] epoch 21 time 0.111383s train_loss 0.647136 train_acc 0.781648 test_loss 0.645307 test_acc 0.793103
[mpi] epoch 22 time 0.116108s train_loss 0.645261 train_acc 0.782498 test_loss 0.643379 test_acc 0.794381
[mpi] epoch 23 time 0.120873s train_loss 0.64341 train_acc 0.786746 test_loss 0.641475 test_acc 0.795658
[mpi] epoch 24 time 0.125659s train_loss 0.641581 train_acc 0.789295 test_loss 0.639597 test_acc 0.799489
[mpi] epoch 25 time 0.13036s train_loss 0.639776 train_acc 0.790144 test_loss 0.637743 test_acc 0.798212
[mpi] epoch 26 time 0.135392s train_loss 0.637992 train_acc 0.790994 test_loss 0.635914 test_acc 0.799489
[mpi] epoch 27 time 0.140298s train_loss 0.636231 train_acc 0.792693 test_loss 0.634108 test_acc 0.799489
[mpi] epoch 28 time 0.144984s train_loss 0.634491 train_acc 0.795242 test_loss 0.632325 test_acc 0.802043
[mpi] epoch 29 time 0.149683s train_loss 0.632772 train_acc 0.796941 test_loss 0.630566 test_acc 0.804598
[mpi] epoch 30 time 0.154253s train_loss 0.631074 train_acc 0.796941 test_loss 0.628829 test_acc 0.807152
[mpi] epoch 31 time 0.159002s train_loss 0.629396 train_acc 0.80034 test_loss 0.627114 test_acc 0.807152
[mpi] epoch 32 time 0.163756s train_loss 0.627738 train_acc 0.798641 test_loss 0.62542 test_acc 0.805875
[mpi] epoch 33 time 0.168526s train_loss 0.6261 train_acc 0.801189 test_loss 0.623748 test_acc 0.808429
[mpi] epoch 34 time 0.17454s train_loss 0.624481 train_acc 0.801189 test_loss 0.622097 test_acc 0.809706
[mpi] epoch 35 time 0.179531s train_loss 0.622882 train_acc 0.801189 test_loss 0.620467 test_acc 0.809706
[mpi] epoch 36 time 0.184091s train_loss 0.6213 train_acc 0.805438 test_loss 0.618857 test_acc 0.809706
[mpi] epoch 37 time 0.188603s train_loss 0.619737 train_acc 0.806287 test_loss 0.617267 test_acc 0.809706
[mpi] epoch 38 time 0.193112s train_loss 0.618193 train_acc 0.803738 test_loss 0.615696 test_acc 0.809706
[mpi] epoch 39 time 0.197748s train_loss 0.616666 train_acc 0.806287 test_loss 0.614144 test_acc 0.810983
[mpi] epoch 40 time 0.202556s train_loss 0.615156 train_acc 0.806287 test_loss 0.612612 test_acc 0.814815
[mpi] epoch 41 time 0.207158s train_loss 0.613663 train_acc 0.807137 test_loss 0.611098 test_acc 0.816092
[mpi] epoch 42 time 0.211877s train_loss 0.612187 train_acc 0.807137 test_loss 0.609602 test_acc 0.818646
[mpi] epoch 43 time 0.216712s train_loss 0.610728 train_acc 0.806287 test_loss 0.608125 test_acc 0.819923
[mpi] epoch 44 time 0.221253s train_loss 0.609285 train_acc 0.806287 test_loss 0.606664 test_acc 0.819923
[mpi] epoch 45 time 0.225916s train_loss 0.607858 train_acc 0.807137 test_loss 0.605222 test_acc 0.819923
[mpi] epoch 46 time 0.230581s train_loss 0.606447 train_acc 0.807986 test_loss 0.603796 test_acc 0.819923
[mpi] epoch 47 time 0.235318s train_loss 0.605051 train_acc 0.808836 test_loss 0.602387 test_acc 0.819923
[mpi] epoch 48 time 0.240369s train_loss 0.60367 train_acc 0.808836 test_loss 0.600995 test_acc 0.822478
[mpi] epoch 49 time 0.24497s train_loss 0.602304 train_acc 0.810535 test_loss 0.599619 test_acc 0.822478
[mpi] epoch 50 time 0.249626s train_loss 0.600953 train_acc 0.811385 test_loss 0.598259 test_acc 0.825032
[mpi] epoch 51 time 0.25483s train_loss 0.599617 train_acc 0.812234 test_loss 0.596914 test_acc 0.825032
[mpi] epoch 52 time 0.259971s train_loss 0.598294 train_acc 0.813934 test_loss 0.595585 test_acc 0.828863
[mpi] epoch 53 time 0.264638s train_loss 0.596986 train_acc 0.814783 test_loss 0.594271 test_acc 0.83014
[mpi] epoch 54 time 0.269676s train_loss 0.595691 train_acc 0.814783 test_loss 0.592972 test_acc 0.83014
[mpi] epoch 55 time 0.274153s train_loss 0.59441 train_acc 0.816483 test_loss 0.591688 test_acc 0.832695
[mpi] epoch 56 time 0.278766s train_loss 0.593142 train_acc 0.816483 test_loss 0.590418 test_acc 0.832695
[mpi] epoch 57 time 0.283413s train_loss 0.591887 train_acc 0.817332 test_loss 0.589163 test_acc 0.833972
[mpi] epoch 58 time 0.288274s train_loss 0.590646 train_acc 0.818182 test_loss 0.587922 test_acc 0.833972
[mpi] epoch 59 time 0.292939s train_loss 0.589417 train_acc 0.819031 test_loss 0.586694 test_acc 0.833972
[mpi] epoch 60 time 0.297673s train_loss 0.5882 train_acc 0.819881 test_loss 0.58548 test_acc 0.835249
[mpi] epoch 61 time 0.303116s train_loss 0.586996 train_acc 0.819881 test_loss 0.584279 test_acc 0.835249
[mpi] epoch 62 time 0.308585s train_loss 0.585803 train_acc 0.820731 test_loss 0.583091 test_acc 0.836526
[mpi] epoch 63 time 0.313336s train_loss 0.584623 train_acc 0.82243 test_loss 0.581917 test_acc 0.836526
[mpi] epoch 64 time 0.318115s train_loss 0.583455 train_acc 0.825828 test_loss 0.580755 test_acc 0.836526
[mpi] epoch 65 time 0.322768s train_loss 0.582298 train_acc 0.825828 test_loss 0.579605 test_acc 0.836526
[mpi] epoch 66 time 0.327507s train_loss 0.581152 train_acc 0.827528 test_loss 0.578468 test_acc 0.836526
[mpi] epoch 67 time 0.332239s train_loss 0.580018 train_acc 0.827528 test_loss 0.577343 test_acc 0.836526
[mpi] epoch 68 time 0.337s train_loss 0.578894 train_acc 0.828377 test_loss 0.576231 test_acc 0.837803
[mpi] epoch 69 time 0.341937s train_loss 0.577782 train_acc 0.828377 test_loss 0.575129 test_acc 0.837803
[mpi] epoch 70 time 0.346531s train_loss 0.57668 train_acc 0.827528 test_loss 0.57404 test_acc 0.837803
[mpi] epoch 71 time 0.351149s train_loss 0.575588 train_acc 0.826678 test_loss 0.572962 test_acc 0.837803
[mpi] epoch 72 time 0.356215s train_loss 0.574508 train_acc 0.826678 test_loss 0.571895 test_acc 0.837803
[mpi] epoch 73 time 0.360919s train_loss 0.573437 train_acc 0.827528 test_loss 0.570839 test_acc 0.83908
[mpi] epoch 74 time 0.365527s train_loss 0.572376 train_acc 0.827528 test_loss 0.569794 test_acc 0.83908
[mpi] epoch 75 time 0.370187s train_loss 0.571326 train_acc 0.829227 test_loss 0.56876 test_acc 0.83908
[mpi] epoch 76 time 0.374888s train_loss 0.570285 train_acc 0.830076 test_loss 0.567737 test_acc 0.83908
[mpi] epoch 77 time 0.379503s train_loss 0.569253 train_acc 0.830926 test_loss 0.566724 test_acc 0.83908
[mpi] epoch 78 time 0.384306s train_loss 0.568232 train_acc 0.830926 test_loss 0.565721 test_acc 0.83908
[mpi] epoch 79 time 0.388989s train_loss 0.567219 train_acc 0.830926 test_loss 0.564729 test_acc 0.83908
[mpi] epoch 80 time 0.393573s train_loss 0.566216 train_acc 0.830926 test_loss 0.563746 test_acc 0.83908
[mpi] epoch 81 time 0.398332s train_loss 0.565222 train_acc 0.830926 test_loss 0.562773 test_acc 0.83908
[mpi] epoch 82 time 0.403119s train_loss 0.564237 train_acc 0.832625 test_loss 0.56181 test_acc 0.83908
[mpi] epoch 83 time 0.407904s train_loss 0.563261 train_acc 0.832625 test_loss 0.560857 test_acc 0.83908
[mpi] epoch 84 time 0.412629s train_loss 0.562293 train_acc 0.832625 test_loss 0.559913 test_acc 0.83908
[mpi] epoch 85 time 0.417316s train_loss 0.561334 train_acc 0.832625 test_loss 0.558978 test_acc 0.840358
[mpi] epoch 86 time 0.421841s train_loss 0.560384 train_acc 0.832625 test_loss 0.558053 test_acc 0.840358
[mpi] epoch 87 time 0.426496s train_loss 0.559442 train_acc 0.832625 test_loss 0.557136 test_acc 0.841635
[mpi] epoch 88 time 0.431172s train_loss 0.558508 train_acc 0.832625 test_loss 0.556229 test_acc 0.842912
[mpi] epoch 89 time 0.435933s train_loss 0.557582 train_acc 0.832625 test_loss 0.55533 test_acc 0.842912
[mpi] epoch 90 time 0.440667s train_loss 0.556664 train_acc 0.832625 test_loss 0.55444 test_acc 0.842912
[mpi] epoch 91 time 0.445554s train_loss 0.555754 train_acc 0.832625 test_loss 0.553558 test_acc 0.842912
[mpi] epoch 92 time 0.450437s train_loss 0.554852 train_acc 0.832625 test_loss 0.552685 test_acc 0.842912
[mpi] epoch 93 time 0.455065s train_loss 0.553958 train_acc 0.833475 test_loss 0.55182 test_acc 0.844189
[mpi] epoch 94 time 0.459727s train_loss 0.553072 train_acc 0.833475 test_loss 0.550964 test_acc 0.845466
[mpi] epoch 95 time 0.464572s train_loss 0.552192 train_acc 0.833475 test_loss 0.550115 test_acc 0.845466
[mpi] epoch 96 time 0.469289s train_loss 0.551321 train_acc 0.834325 test_loss 0.549275 test_acc 0.845466
[mpi] epoch 97 time 0.47411s train_loss 0.550456 train_acc 0.835174 test_loss 0.548442 test_acc 0.845466
[mpi] epoch 98 time 0.478934s train_loss 0.549599 train_acc 0.835174 test_loss 0.547617 test_acc 0.846743
[mpi] epoch 99 time 0.48378s train_loss 0.548749 train_acc 0.836873 test_loss 0.5468 test_acc 0.846743
[mpi] epoch 100 time 0.488515s train_loss 0.547905 train_acc 0.836873 test_loss 0.54599 test_acc 0.846743
[mpi] epoch 101 time 0.493065s train_loss 0.547069 train_acc 0.837723 test_loss 0.545188 test_acc 0.846743
[mpi] epoch 102 time 0.497881s train_loss 0.54624 train_acc 0.837723 test_loss 0.544393 test_acc 0.846743
[mpi] epoch 103 time 0.50247s train_loss 0.545417 train_acc 0.838573 test_loss 0.543605 test_acc 0.846743
[mpi] epoch 104 time 0.507288s train_loss 0.544601 train_acc 0.839422 test_loss 0.542825 test_acc 0.846743
[mpi] epoch 105 time 0.511916s train_loss 0.543792 train_acc 0.840272 test_loss 0.542052 test_acc 0.846743
[mpi] epoch 106 time 0.516674s train_loss 0.542989 train_acc 0.840272 test_loss 0.541285 test_acc 0.84802
[mpi] epoch 107 time 0.521489s train_loss 0.542193 train_acc 0.840272 test_loss 0.540526 test_acc 0.84802
[mpi] epoch 108 time 0.526301s train_loss 0.541403 train_acc 0.841121 test_loss 0.539773 test_acc 0.84802
[mpi] epoch 109 time 0.531045s train_loss 0.540619 train_acc 0.842821 test_loss 0.539027 test_acc 0.84802
[mpi] epoch 110 time 0.535911s train_loss 0.539841 train_acc 0.84452 test_loss 0.538288 test_acc 0.84802
[mpi] epoch 111 time 0.540596s train_loss 0.53907 train_acc 0.84452 test_loss 0.537555 test_acc 0.84802
[mpi] epoch 112 time 0.545448s train_loss 0.538304 train_acc 0.84452 test_loss 0.536829 test_acc 0.84802
[mpi] epoch 113 time 0.550079s train_loss 0.537545 train_acc 0.846219 test_loss 0.536109 test_acc 0.849298
[mpi] epoch 114 time 0.554735s train_loss 0.536791 train_acc 0.847069 test_loss 0.535396 test_acc 0.849298
[mpi] epoch 115 time 0.559538s train_loss 0.536043 train_acc 0.847918 test_loss 0.534688 test_acc 0.851852
[mpi] epoch 116 time 0.56438s train_loss 0.535301 train_acc 0.849618 test_loss 0.533987 test_acc 0.851852
[mpi] epoch 117 time 0.569168s train_loss 0.534565 train_acc 0.849618 test_loss 0.533292 test_acc 0.851852
[mpi] epoch 118 time 0.573869s train_loss 0.533834 train_acc 0.849618 test_loss 0.532603 test_acc 0.851852
[mpi] epoch 119 time 0.578505s train_loss 0.533109 train_acc 0.849618 test_loss 0.53192 test_acc 0.851852
[mpi] epoch 120 time 0.583292s train_loss 0.532389 train_acc 0.850467 test_loss 0.531243 test_acc 0.851852
[mpi] epoch 121 time 0.587986s train_loss 0.531675 train_acc 0.850467 test_loss 0.530571 test_acc 0.851852
[mpi] epoch 122 time 0.592758s train_loss 0.530966 train_acc 0.852167 test_loss 0.529905 test_acc 0.851852
[mpi] epoch 123 time 0.597617s train_loss 0.530263 train_acc 0.852167 test_loss 0.529245 test_acc 0.853129
[mpi] epoch 124 time 0.602337s train_loss 0.529564 train_acc 0.852167 test_loss 0.528591 test_acc 0.853129
[mpi] epoch 125 time 0.607193s train_loss 0.528871 train_acc 0.852167 test_loss 0.527942 test_acc 0.854406
[mpi] epoch 126 time 0.611952s train_loss 0.528183 train_acc 0.852167 test_loss 0.527298 test_acc 0.854406
[mpi] epoch 127 time 0.616468s train_loss 0.5275 train_acc 0.852167 test_loss 0.52666 test_acc 0.854406
[mpi] epoch 128 time 0.621232s train_loss 0.526822 train_acc 0.852167 test_loss 0.526027 test_acc 0.855683
[mpi] epoch 129 time 0.62582s train_loss 0.526149 train_acc 0.852167 test_loss 0.5254 test_acc 0.85696
[mpi] epoch 130 time 0.630568s train_loss 0.525481 train_acc 0.852167 test_loss 0.524777 test_acc 0.85696
[mpi] epoch 131 time 0.635219s train_loss 0.524818 train_acc 0.852167 test_loss 0.52416 test_acc 0.85696
[mpi] epoch 132 time 0.640081s train_loss 0.524159 train_acc 0.852167 test_loss 0.523548 test_acc 0.85696
[mpi] epoch 133 time 0.645004s train_loss 0.523505 train_acc 0.853016 test_loss 0.522941 test_acc 0.858238
[mpi] epoch 134 time 0.649687s train_loss 0.522856 train_acc 0.853016 test_loss 0.522339 test_acc 0.858238
[mpi] epoch 135 time 0.654361s train_loss 0.522212 train_acc 0.853016 test_loss 0.521742 test_acc 0.859515
[mpi] epoch 136 time 0.659236s train_loss 0.521572 train_acc 0.853866 test_loss 0.52115 test_acc 0.859515
[mpi] epoch 137 time 0.663853s train_loss 0.520937 train_acc 0.853866 test_loss 0.520562 test_acc 0.859515
[mpi] epoch 138 time 0.668509s train_loss 0.520306 train_acc 0.853866 test_loss 0.519979 test_acc 0.860792
[mpi] epoch 139 time 0.673147s train_loss 0.51968 train_acc 0.855565 test_loss 0.519401 test_acc 0.860792
[mpi] epoch 140 time 0.677963s train_loss 0.519058 train_acc 0.856415 test_loss 0.518828 test_acc 0.860792
[mpi] epoch 141 time 0.682782s train_loss 0.51844 train_acc 0.856415 test_loss 0.518259 test_acc 0.862069
[mpi] epoch 142 time 0.687544s train_loss 0.517827 train_acc 0.856415 test_loss 0.517695 test_acc 0.863346
[mpi] epoch 143 time 0.692395s train_loss 0.517218 train_acc 0.856415 test_loss 0.517135 test_acc 0.864623
[mpi] epoch 144 time 0.697035s train_loss 0.516613 train_acc 0.856415 test_loss 0.51658 test_acc 0.864623
[mpi] epoch 145 time 0.701908s train_loss 0.516012 train_acc 0.856415 test_loss 0.516029 test_acc 0.864623
[mpi] epoch 146 time 0.706554s train_loss 0.515416 train_acc 0.857264 test_loss 0.515482 test_acc 0.864623
[mpi] epoch 147 time 0.711155s train_loss 0.514823 train_acc 0.857264 test_loss 0.51494 test_acc 0.8659
[mpi] epoch 148 time 0.715715s train_loss 0.514235 train_acc 0.857264 test_loss 0.514402 test_acc 0.8659
[mpi] epoch 149 time 0.720492s train_loss 0.513651 train_acc 0.858963 test_loss 0.513869 test_acc 0.8659
[mpi] epoch 150 time 0.72511s train_loss 0.51307 train_acc 0.859813 test_loss 0.513339 test_acc 0.8659
[mpi] epoch 151 time 0.729956s train_loss 0.512494 train_acc 0.859813 test_loss 0.512814 test_acc 0.8659
[mpi] epoch 152 time 0.734637s train_loss 0.511921 train_acc 0.861512 test_loss 0.512292 test_acc 0.8659
[mpi] epoch 153 time 0.739379s train_loss 0.511352 train_acc 0.862362 test_loss 0.511775 test_acc 0.8659
[mpi] epoch 154 time 0.744181s train_loss 0.510788 train_acc 0.864061 test_loss 0.511262 test_acc 0.8659
[mpi] epoch 155 time 0.749044s train_loss 0.510226 train_acc 0.864911 test_loss 0.510752 test_acc 0.868455
[mpi] epoch 156 time 0.75374s train_loss 0.509669 train_acc 0.864911 test_loss 0.510247 test_acc 0.868455
[mpi] epoch 157 time 0.758418s train_loss 0.509115 train_acc 0.86661 test_loss 0.509745 test_acc 0.867178
[mpi] epoch 158 time 0.763014s train_loss 0.508565 train_acc 0.86661 test_loss 0.509247 test_acc 0.867178
[mpi] epoch 159 time 0.767775s train_loss 0.508019 train_acc 0.86661 test_loss 0.508753 test_acc 0.867178
[mpi] epoch 160 time 0.772411s train_loss 0.507476 train_acc 0.86661 test_loss 0.508263 test_acc 0.867178
[mpi] epoch 161 time 0.777016s train_loss 0.506937 train_acc 0.86661 test_loss 0.507777 test_acc 0.869732
[mpi] epoch 162 time 0.781806s train_loss 0.506401 train_acc 0.86661 test_loss 0.507294 test_acc 0.869732
[mpi] epoch 163 time 0.786624s train_loss 0.505869 train_acc 0.86746 test_loss 0.506815 test_acc 0.869732
[mpi] epoch 164 time 0.791216s train_loss 0.50534 train_acc 0.86746 test_loss 0.506339 test_acc 0.872286
[mpi] epoch 165 time 0.795975s train_loss 0.504815 train_acc 0.86746 test_loss 0.505867 test_acc 0.872286
[mpi] epoch 166 time 0.800614s train_loss 0.504293 train_acc 0.86746 test_loss 0.505399 test_acc 0.873563
[mpi] epoch 167 time 0.805169s train_loss 0.503774 train_acc 0.86746 test_loss 0.504934 test_acc 0.873563
[mpi] epoch 168 time 0.809807s train_loss 0.503259 train_acc 0.86746 test_loss 0.504473 test_acc 0.873563
[mpi] epoch 169 time 0.814518s train_loss 0.502747 train_acc 0.868309 test_loss 0.504015 test_acc 0.873563
[mpi] epoch 170 time 0.819151s train_loss 0.502239 train_acc 0.868309 test_loss 0.50356 test_acc 0.873563
[mpi] epoch 171 time 0.823856s train_loss 0.501733 train_acc 0.869159 test_loss 0.503109 test_acc 0.873563
[mpi] epoch 172 time 0.828536s train_loss 0.501231 train_acc 0.869159 test_loss 0.502661 test_acc 0.873563
[mpi] epoch 173 time 0.833282s train_loss 0.500732 train_acc 0.869159 test_loss 0.502216 test_acc 0.873563
[mpi] epoch 174 time 0.837949s train_loss 0.500236 train_acc 0.870008 test_loss 0.501775 test_acc 0.873563
[mpi] epoch 175 time 0.842647s train_loss 0.499743 train_acc 0.870008 test_loss 0.501337 test_acc 0.873563
[mpi] epoch 176 time 0.847436s train_loss 0.499254 train_acc 0.870858 test_loss 0.500902 test_acc 0.87484
[mpi] epoch 177 time 0.852199s train_loss 0.498767 train_acc 0.870858 test_loss 0.50047 test_acc 0.87484
[mpi] epoch 178 time 0.856872s train_loss 0.498284 train_acc 0.870858 test_loss 0.500042 test_acc 0.87484
[mpi] epoch 179 time 0.861751s train_loss 0.497803 train_acc 0.870858 test_loss 0.499616 test_acc 0.87484
[mpi] epoch 180 time 0.866573s train_loss 0.497326 train_acc 0.870858 test_loss 0.499194 test_acc 0.87484
[mpi] epoch 181 time 0.871443s train_loss 0.496851 train_acc 0.870858 test_loss 0.498775 test_acc 0.87484
[mpi] epoch 182 time 0.876259s train_loss 0.49638 train_acc 0.870858 test_loss 0.498358 test_acc 0.876117
[mpi] epoch 183 time 0.881069s train_loss 0.495911 train_acc 0.871708 test_loss 0.497945 test_acc 0.876117
[mpi] epoch 184 time 0.885866s train_loss 0.495445 train_acc 0.871708 test_loss 0.497535 test_acc 0.876117
[mpi] epoch 185 time 0.89066s train_loss 0.494983 train_acc 0.871708 test_loss 0.497128 test_acc 0.877395
[mpi] epoch 186 time 0.895381s train_loss 0.494523 train_acc 0.871708 test_loss 0.496723 test_acc 0.878672
[mpi] epoch 187 time 0.89999s train_loss 0.494065 train_acc 0.871708 test_loss 0.496322 test_acc 0.878672
[mpi] epoch 188 time 0.904638s train_loss 0.493611 train_acc 0.871708 test_loss 0.495923 test_acc 0.878672
[mpi] epoch 189 time 0.909402s train_loss 0.493159 train_acc 0.871708 test_loss 0.495527 test_acc 0.878672
[mpi] epoch 190 time 0.914164s train_loss 0.49271 train_acc 0.871708 test_loss 0.495134 test_acc 0.878672
[mpi] epoch 191 time 0.918934s train_loss 0.492264 train_acc 0.871708 test_loss 0.494744 test_acc 0.878672
[mpi] epoch 192 time 0.923754s train_loss 0.491821 train_acc 0.871708 test_loss 0.494357 test_acc 0.878672
[mpi] epoch 193 time 0.928428s train_loss 0.49138 train_acc 0.872557 test_loss 0.493972 test_acc 0.878672
[mpi] epoch 194 time 0.933019s train_loss 0.490942 train_acc 0.872557 test_loss 0.49359 test_acc 0.879949
[mpi] epoch 195 time 0.937605s train_loss 0.490506 train_acc 0.873407 test_loss 0.493211 test_acc 0.879949
[mpi] epoch 196 time 0.942287s train_loss 0.490073 train_acc 0.873407 test_loss 0.492834 test_acc 0.881226
[mpi] epoch 197 time 0.946853s train_loss 0.489643 train_acc 0.874257 test_loss 0.49246 test_acc 0.879949
[mpi] epoch 198 time 0.95159s train_loss 0.489215 train_acc 0.874257 test_loss 0.492089 test_acc 0.879949
[mpi] epoch 199 time 0.956375s train_loss 0.48879 train_acc 0.874257 test_loss 0.49172 test_acc 0.879949
[mpi] epoch 200 time 0.960929s train_loss 0.488367 train_acc 0.874257 test_loss 0.491354 test_acc 0.879949
Training finished in 0.961007 seconds.
