MPI processes: 8
Dataset: data/20newsgroup_full/20newsgroup_full_train.svm
Epochs: 200
Learning rate: 1
Lambda: 0.001
Overlap: disabled
[mpi] epoch 1 time 0.00861827s train_loss 0.691836 train_acc 0.675446 test_loss 0.691898 test_acc 0.664498
[mpi] epoch 2 time 0.0147002s train_loss 0.690548 train_acc 0.674562 test_loss 0.690672 test_acc 0.663702
[mpi] epoch 3 time 0.0219656s train_loss 0.689283 train_acc 0.674916 test_loss 0.689469 test_acc 0.663303
[mpi] epoch 4 time 0.0279593s train_loss 0.68804 train_acc 0.674651 test_loss 0.688288 test_acc 0.661179
[mpi] epoch 5 time 0.0341471s train_loss 0.686819 train_acc 0.674209 test_loss 0.687129 test_acc 0.661179
[mpi] epoch 6 time 0.0413919s train_loss 0.68562 train_acc 0.672972 test_loss 0.68599 test_acc 0.66171
[mpi] epoch 7 time 0.0475126s train_loss 0.684442 train_acc 0.672795 test_loss 0.684873 test_acc 0.661312
[mpi] epoch 8 time 0.0535808s train_loss 0.683284 train_acc 0.672706 test_loss 0.683775 test_acc 0.661179
[mpi] epoch 9 time 0.0597787s train_loss 0.682146 train_acc 0.672441 test_loss 0.682697 test_acc 0.661843
[mpi] epoch 10 time 0.0658765s train_loss 0.681028 train_acc 0.672176 test_loss 0.681639 test_acc 0.661577
[mpi] epoch 11 time 0.071906s train_loss 0.679929 train_acc 0.672264 test_loss 0.680599 test_acc 0.662772
[mpi] epoch 12 time 0.0779698s train_loss 0.678849 train_acc 0.672441 test_loss 0.679578 test_acc 0.663038
[mpi] epoch 13 time 0.0840015s train_loss 0.677788 train_acc 0.672618 test_loss 0.678575 test_acc 0.663834
[mpi] epoch 14 time 0.0900678s train_loss 0.676744 train_acc 0.672353 test_loss 0.677589 test_acc 0.664896
[mpi] epoch 15 time 0.0961298s train_loss 0.675718 train_acc 0.672618 test_loss 0.676621 test_acc 0.665162
[mpi] epoch 16 time 0.102147s train_loss 0.674709 train_acc 0.672795 test_loss 0.67567 test_acc 0.665029
[mpi] epoch 17 time 0.108194s train_loss 0.673718 train_acc 0.672883 test_loss 0.674735 test_acc 0.665295
[mpi] epoch 18 time 0.114186s train_loss 0.672743 train_acc 0.672972 test_loss 0.673817 test_acc 0.66556
[mpi] epoch 19 time 0.12025s train_loss 0.671784 train_acc 0.673502 test_loss 0.672914 test_acc 0.665693
[mpi] epoch 20 time 0.126312s train_loss 0.67084 train_acc 0.673767 test_loss 0.672027 test_acc 0.665693
[mpi] epoch 21 time 0.132302s train_loss 0.669913 train_acc 0.673855 test_loss 0.671155 test_acc 0.665693
[mpi] epoch 22 time 0.138315s train_loss 0.669 train_acc 0.674297 test_loss 0.670298 test_acc 0.665959
[mpi] epoch 23 time 0.144368s train_loss 0.668103 train_acc 0.674297 test_loss 0.669456 test_acc 0.666357
[mpi] epoch 24 time 0.150403s train_loss 0.66722 train_acc 0.674386 test_loss 0.668627 test_acc 0.66649
[mpi] epoch 25 time 0.156443s train_loss 0.666351 train_acc 0.674297 test_loss 0.667813 test_acc 0.667021
[mpi] epoch 26 time 0.162498s train_loss 0.665496 train_acc 0.674209 test_loss 0.667012 test_acc 0.667286
[mpi] epoch 27 time 0.168602s train_loss 0.664655 train_acc 0.674297 test_loss 0.666225 test_acc 0.667817
[mpi] epoch 28 time 0.174658s train_loss 0.663827 train_acc 0.674562 test_loss 0.665451 test_acc 0.66795
[mpi] epoch 29 time 0.180752s train_loss 0.663013 train_acc 0.674828 test_loss 0.664689 test_acc 0.668216
[mpi] epoch 30 time 0.186814s train_loss 0.662211 train_acc 0.674916 test_loss 0.66394 test_acc 0.668348
[mpi] epoch 31 time 0.192842s train_loss 0.661421 train_acc 0.675093 test_loss 0.663203 test_acc 0.668879
[mpi] epoch 32 time 0.198922s train_loss 0.660644 train_acc 0.675181 test_loss 0.662478 test_acc 0.668747
[mpi] epoch 33 time 0.204953s train_loss 0.659879 train_acc 0.675446 test_loss 0.661765 test_acc 0.668747
[mpi] epoch 34 time 0.211051s train_loss 0.659126 train_acc 0.675535 test_loss 0.661063 test_acc 0.669411
[mpi] epoch 35 time 0.217119s train_loss 0.658384 train_acc 0.6758 test_loss 0.660373 test_acc 0.669809
[mpi] epoch 36 time 0.223188s train_loss 0.657654 train_acc 0.675977 test_loss 0.659694 test_acc 0.670074
[mpi] epoch 37 time 0.229223s train_loss 0.656934 train_acc 0.676153 test_loss 0.659025 test_acc 0.669942
[mpi] epoch 38 time 0.23527s train_loss 0.656225 train_acc 0.67633 test_loss 0.658367 test_acc 0.670207
[mpi] epoch 39 time 0.241328s train_loss 0.655527 train_acc 0.676861 test_loss 0.657719 test_acc 0.670207
[mpi] epoch 40 time 0.247397s train_loss 0.65484 train_acc 0.676861 test_loss 0.657081 test_acc 0.670473
[mpi] epoch 41 time 0.253447s train_loss 0.654162 train_acc 0.677037 test_loss 0.656453 test_acc 0.670871
[mpi] epoch 42 time 0.259493s train_loss 0.653495 train_acc 0.677214 test_loss 0.655835 test_acc 0.671269
[mpi] epoch 43 time 0.265572s train_loss 0.652837 train_acc 0.677479 test_loss 0.655227 test_acc 0.671136
[mpi] epoch 44 time 0.271663s train_loss 0.652189 train_acc 0.677568 test_loss 0.654627 test_acc 0.671402
[mpi] epoch 45 time 0.277735s train_loss 0.65155 train_acc 0.677391 test_loss 0.654037 test_acc 0.671402
[mpi] epoch 46 time 0.283751s train_loss 0.650921 train_acc 0.677744 test_loss 0.653456 test_acc 0.671402
[mpi] epoch 47 time 0.289777s train_loss 0.6503 train_acc 0.677744 test_loss 0.652883 test_acc 0.671535
[mpi] epoch 48 time 0.295866s train_loss 0.649688 train_acc 0.677921 test_loss 0.652319 test_acc 0.671402
[mpi] epoch 49 time 0.301956s train_loss 0.649085 train_acc 0.67801 test_loss 0.651763 test_acc 0.671535
[mpi] epoch 50 time 0.308056s train_loss 0.64849 train_acc 0.678098 test_loss 0.651216 test_acc 0.671402
[mpi] epoch 51 time 0.314058s train_loss 0.647904 train_acc 0.678186 test_loss 0.650676 test_acc 0.671402
[mpi] epoch 52 time 0.320118s train_loss 0.647325 train_acc 0.67801 test_loss 0.650144 test_acc 0.671402
[mpi] epoch 53 time 0.326119s train_loss 0.646755 train_acc 0.678275 test_loss 0.64962 test_acc 0.671402
[mpi] epoch 54 time 0.332188s train_loss 0.646193 train_acc 0.678628 test_loss 0.649104 test_acc 0.671668
[mpi] epoch 55 time 0.339165s train_loss 0.645638 train_acc 0.678805 test_loss 0.648595 test_acc 0.671535
[mpi] epoch 56 time 0.347762s train_loss 0.64509 train_acc 0.678717 test_loss 0.648093 test_acc 0.6718
[mpi] epoch 57 time 0.353848s train_loss 0.64455 train_acc 0.679424 test_loss 0.647599 test_acc 0.671933
[mpi] epoch 58 time 0.359913s train_loss 0.644017 train_acc 0.679424 test_loss 0.647111 test_acc 0.671933
[mpi] epoch 59 time 0.367112s train_loss 0.643492 train_acc 0.679866 test_loss 0.64663 test_acc 0.672464
[mpi] epoch 60 time 0.373171s train_loss 0.642973 train_acc 0.680131 test_loss 0.646156 test_acc 0.672597
[mpi] epoch 61 time 0.379205s train_loss 0.642461 train_acc 0.680308 test_loss 0.645689 test_acc 0.672862
[mpi] epoch 62 time 0.385202s train_loss 0.641955 train_acc 0.680131 test_loss 0.645227 test_acc 0.673394
[mpi] epoch 63 time 0.391216s train_loss 0.641456 train_acc 0.680308 test_loss 0.644773 test_acc 0.673394
[mpi] epoch 64 time 0.39722s train_loss 0.640964 train_acc 0.680484 test_loss 0.644324 test_acc 0.673394
[mpi] epoch 65 time 0.403255s train_loss 0.640478 train_acc 0.680661 test_loss 0.643881 test_acc 0.673792
[mpi] epoch 66 time 0.409279s train_loss 0.639998 train_acc 0.680838 test_loss 0.643445 test_acc 0.673792
[mpi] epoch 67 time 0.415352s train_loss 0.639524 train_acc 0.681103 test_loss 0.643014 test_acc 0.67419
[mpi] epoch 68 time 0.421344s train_loss 0.639056 train_acc 0.68128 test_loss 0.642588 test_acc 0.67419
[mpi] epoch 69 time 0.427362s train_loss 0.638594 train_acc 0.681545 test_loss 0.642169 test_acc 0.674456
[mpi] epoch 70 time 0.433384s train_loss 0.638137 train_acc 0.682164 test_loss 0.641755 test_acc 0.674721
[mpi] epoch 71 time 0.439466s train_loss 0.637686 train_acc 0.682606 test_loss 0.641346 test_acc 0.674721
[mpi] epoch 72 time 0.445526s train_loss 0.637241 train_acc 0.683048 test_loss 0.640943 test_acc 0.674588
[mpi] epoch 73 time 0.451578s train_loss 0.636801 train_acc 0.683313 test_loss 0.640545 test_acc 0.674721
[mpi] epoch 74 time 0.457623s train_loss 0.636366 train_acc 0.683666 test_loss 0.640151 test_acc 0.674854
[mpi] epoch 75 time 0.463641s train_loss 0.635937 train_acc 0.68402 test_loss 0.639763 test_acc 0.675119
[mpi] epoch 76 time 0.469695s train_loss 0.635512 train_acc 0.684108 test_loss 0.63938 test_acc 0.675252
[mpi] epoch 77 time 0.475725s train_loss 0.635093 train_acc 0.684462 test_loss 0.639002 test_acc 0.675119
[mpi] epoch 78 time 0.481692s train_loss 0.634678 train_acc 0.68455 test_loss 0.638628 test_acc 0.675518
[mpi] epoch 79 time 0.487757s train_loss 0.634269 train_acc 0.68455 test_loss 0.638259 test_acc 0.675783
[mpi] epoch 80 time 0.493823s train_loss 0.633864 train_acc 0.684727 test_loss 0.637894 test_acc 0.675651
[mpi] epoch 81 time 0.499859s train_loss 0.633464 train_acc 0.684727 test_loss 0.637534 test_acc 0.676182
[mpi] epoch 82 time 0.505903s train_loss 0.633068 train_acc 0.684992 test_loss 0.637178 test_acc 0.676182
[mpi] epoch 83 time 0.51198s train_loss 0.632677 train_acc 0.685434 test_loss 0.636827 test_acc 0.676049
[mpi] epoch 84 time 0.518045s train_loss 0.63229 train_acc 0.685434 test_loss 0.636479 test_acc 0.676182
[mpi] epoch 85 time 0.524061s train_loss 0.631907 train_acc 0.685788 test_loss 0.636136 test_acc 0.676447
[mpi] epoch 86 time 0.53015s train_loss 0.631529 train_acc 0.685876 test_loss 0.635797 test_acc 0.676447
[mpi] epoch 87 time 0.536179s train_loss 0.631155 train_acc 0.685876 test_loss 0.635462 test_acc 0.676314
[mpi] epoch 88 time 0.54218s train_loss 0.630785 train_acc 0.686053 test_loss 0.635131 test_acc 0.67658
[mpi] epoch 89 time 0.548228s train_loss 0.630419 train_acc 0.686141 test_loss 0.634804 test_acc 0.676845
[mpi] epoch 90 time 0.554202s train_loss 0.630057 train_acc 0.686229 test_loss 0.63448 test_acc 0.676845
[mpi] epoch 91 time 0.560245s train_loss 0.629699 train_acc 0.686406 test_loss 0.63416 test_acc 0.677244
[mpi] epoch 92 time 0.566269s train_loss 0.629345 train_acc 0.686583 test_loss 0.633844 test_acc 0.677642
[mpi] epoch 93 time 0.572299s train_loss 0.628995 train_acc 0.68729 test_loss 0.633531 test_acc 0.677908
[mpi] epoch 94 time 0.57841s train_loss 0.628648 train_acc 0.687644 test_loss 0.633222 test_acc 0.678173
[mpi] epoch 95 time 0.584404s train_loss 0.628305 train_acc 0.688086 test_loss 0.632917 test_acc 0.678571
[mpi] epoch 96 time 0.59048s train_loss 0.627965 train_acc 0.688262 test_loss 0.632614 test_acc 0.678704
[mpi] epoch 97 time 0.59654s train_loss 0.627629 train_acc 0.688439 test_loss 0.632315 test_acc 0.678837
[mpi] epoch 98 time 0.602574s train_loss 0.627296 train_acc 0.688793 test_loss 0.63202 test_acc 0.679102
[mpi] epoch 99 time 0.608707s train_loss 0.626967 train_acc 0.689235 test_loss 0.631727 test_acc 0.679634
[mpi] epoch 100 time 0.614747s train_loss 0.626641 train_acc 0.689411 test_loss 0.631438 test_acc 0.680032
[mpi] epoch 101 time 0.620754s train_loss 0.626318 train_acc 0.689588 test_loss 0.631152 test_acc 0.68043
[mpi] epoch 102 time 0.626804s train_loss 0.625999 train_acc 0.689942 test_loss 0.630869 test_acc 0.68043
[mpi] epoch 103 time 0.632864s train_loss 0.625683 train_acc 0.690118 test_loss 0.630589 test_acc 0.680563
[mpi] epoch 104 time 0.638955s train_loss 0.625369 train_acc 0.690118 test_loss 0.630311 test_acc 0.680828
[mpi] epoch 105 time 0.644997s train_loss 0.625059 train_acc 0.690207 test_loss 0.630037 test_acc 0.681094
[mpi] epoch 106 time 0.651091s train_loss 0.624752 train_acc 0.690737 test_loss 0.629766 test_acc 0.681227
[mpi] epoch 107 time 0.657125s train_loss 0.624448 train_acc 0.690737 test_loss 0.629497 test_acc 0.68136
[mpi] epoch 108 time 0.663131s train_loss 0.624147 train_acc 0.691091 test_loss 0.629231 test_acc 0.681492
[mpi] epoch 109 time 0.669183s train_loss 0.623849 train_acc 0.691267 test_loss 0.628968 test_acc 0.681625
[mpi] epoch 110 time 0.675257s train_loss 0.623553 train_acc 0.691444 test_loss 0.628708 test_acc 0.681625
[mpi] epoch 111 time 0.681276s train_loss 0.623261 train_acc 0.691621 test_loss 0.62845 test_acc 0.681625
[mpi] epoch 112 time 0.687396s train_loss 0.622971 train_acc 0.69224 test_loss 0.628195 test_acc 0.681758
[mpi] epoch 113 time 0.69349s train_loss 0.622683 train_acc 0.692416 test_loss 0.627942 test_acc 0.681891
[mpi] epoch 114 time 0.699523s train_loss 0.622399 train_acc 0.692593 test_loss 0.627692 test_acc 0.681891
[mpi] epoch 115 time 0.70554s train_loss 0.622117 train_acc 0.692682 test_loss 0.627444 test_acc 0.682156
[mpi] epoch 116 time 0.71164s train_loss 0.621837 train_acc 0.692593 test_loss 0.627199 test_acc 0.682422
[mpi] epoch 117 time 0.7177s train_loss 0.62156 train_acc 0.692858 test_loss 0.626956 test_acc 0.682687
[mpi] epoch 118 time 0.723728s train_loss 0.621286 train_acc 0.692682 test_loss 0.626715 test_acc 0.68282
[mpi] epoch 119 time 0.729825s train_loss 0.621014 train_acc 0.692682 test_loss 0.626477 test_acc 0.683218
[mpi] epoch 120 time 0.735861s train_loss 0.620744 train_acc 0.692505 test_loss 0.626241 test_acc 0.683484
[mpi] epoch 121 time 0.741893s train_loss 0.620477 train_acc 0.693035 test_loss 0.626007 test_acc 0.683617
[mpi] epoch 122 time 0.747952s train_loss 0.620212 train_acc 0.693389 test_loss 0.625775 test_acc 0.684413
[mpi] epoch 123 time 0.754041s train_loss 0.61995 train_acc 0.693565 test_loss 0.625546 test_acc 0.684413
[mpi] epoch 124 time 0.760002s train_loss 0.61969 train_acc 0.693654 test_loss 0.625319 test_acc 0.684679
[mpi] epoch 125 time 0.766057s train_loss 0.619431 train_acc 0.694096 test_loss 0.625094 test_acc 0.684679
[mpi] epoch 126 time 0.77209s train_loss 0.619176 train_acc 0.694184 test_loss 0.62487 test_acc 0.684811
[mpi] epoch 127 time 0.778096s train_loss 0.618922 train_acc 0.694184 test_loss 0.624649 test_acc 0.684811
[mpi] epoch 128 time 0.784063s train_loss 0.618671 train_acc 0.694273 test_loss 0.62443 test_acc 0.685077
[mpi] epoch 129 time 0.790142s train_loss 0.618421 train_acc 0.694538 test_loss 0.624213 test_acc 0.685077
[mpi] epoch 130 time 0.79621s train_loss 0.618174 train_acc 0.694449 test_loss 0.623998 test_acc 0.68521
[mpi] epoch 131 time 0.802272s train_loss 0.617929 train_acc 0.694449 test_loss 0.623785 test_acc 0.685343
[mpi] epoch 132 time 0.808346s train_loss 0.617685 train_acc 0.694803 test_loss 0.623573 test_acc 0.685608
[mpi] epoch 133 time 0.814418s train_loss 0.617444 train_acc 0.694891 test_loss 0.623364 test_acc 0.686006
[mpi] epoch 134 time 0.820499s train_loss 0.617205 train_acc 0.695068 test_loss 0.623156 test_acc 0.686272
[mpi] epoch 135 time 0.826614s train_loss 0.616967 train_acc 0.695068 test_loss 0.62295 test_acc 0.686139
[mpi] epoch 136 time 0.832712s train_loss 0.616732 train_acc 0.695156 test_loss 0.622746 test_acc 0.686272
[mpi] epoch 137 time 0.838774s train_loss 0.616498 train_acc 0.695245 test_loss 0.622544 test_acc 0.686537
[mpi] epoch 138 time 0.844827s train_loss 0.616267 train_acc 0.69551 test_loss 0.622343 test_acc 0.68667
[mpi] epoch 139 time 0.850914s train_loss 0.616037 train_acc 0.695687 test_loss 0.622145 test_acc 0.686936
[mpi] epoch 140 time 0.856979s train_loss 0.615809 train_acc 0.695775 test_loss 0.621947 test_acc 0.686936
[mpi] epoch 141 time 0.862991s train_loss 0.615582 train_acc 0.695952 test_loss 0.621752 test_acc 0.687069
[mpi] epoch 142 time 0.869108s train_loss 0.615358 train_acc 0.696482 test_loss 0.621558 test_acc 0.687201
[mpi] epoch 143 time 0.875172s train_loss 0.615135 train_acc 0.697013 test_loss 0.621366 test_acc 0.687467
[mpi] epoch 144 time 0.881201s train_loss 0.614914 train_acc 0.697454 test_loss 0.621175 test_acc 0.687732
[mpi] epoch 145 time 0.887336s train_loss 0.614694 train_acc 0.69772 test_loss 0.620986 test_acc 0.687467
[mpi] epoch 146 time 0.893466s train_loss 0.614477 train_acc 0.697896 test_loss 0.620798 test_acc 0.687467
[mpi] epoch 147 time 0.899543s train_loss 0.61426 train_acc 0.698162 test_loss 0.620612 test_acc 0.687732
[mpi] epoch 148 time 0.905628s train_loss 0.614046 train_acc 0.698427 test_loss 0.620428 test_acc 0.688263
[mpi] epoch 149 time 0.911678s train_loss 0.613833 train_acc 0.698515 test_loss 0.620244 test_acc 0.688529
[mpi] epoch 150 time 0.917731s train_loss 0.613622 train_acc 0.699045 test_loss 0.620063 test_acc 0.688927
[mpi] epoch 151 time 0.923783s train_loss 0.613412 train_acc 0.699487 test_loss 0.619883 test_acc 0.689193
[mpi] epoch 152 time 0.929883s train_loss 0.613204 train_acc 0.699576 test_loss 0.619704 test_acc 0.689458
[mpi] epoch 153 time 0.935951s train_loss 0.612997 train_acc 0.699753 test_loss 0.619526 test_acc 0.689989
[mpi] epoch 154 time 0.942044s train_loss 0.612792 train_acc 0.700018 test_loss 0.61935 test_acc 0.689989
[mpi] epoch 155 time 0.948126s train_loss 0.612588 train_acc 0.700283 test_loss 0.619176 test_acc 0.690388
[mpi] epoch 156 time 0.954198s train_loss 0.612385 train_acc 0.700636 test_loss 0.619003 test_acc 0.69052
[mpi] epoch 157 time 0.960327s train_loss 0.612185 train_acc 0.700725 test_loss 0.618831 test_acc 0.690919
[mpi] epoch 158 time 0.966385s train_loss 0.611985 train_acc 0.700813 test_loss 0.61866 test_acc 0.691052
[mpi] epoch 159 time 0.972464s train_loss 0.611787 train_acc 0.701255 test_loss 0.618491 test_acc 0.691317
[mpi] epoch 160 time 0.978566s train_loss 0.61159 train_acc 0.701609 test_loss 0.618323 test_acc 0.69145
[mpi] epoch 161 time 0.984644s train_loss 0.611395 train_acc 0.701962 test_loss 0.618156 test_acc 0.69145
[mpi] epoch 162 time 0.990777s train_loss 0.611201 train_acc 0.701962 test_loss 0.61799 test_acc 0.69145
[mpi] epoch 163 time 0.996916s train_loss 0.611009 train_acc 0.702404 test_loss 0.617826 test_acc 0.691583
[mpi] epoch 164 time 1.00299s train_loss 0.610817 train_acc 0.702669 test_loss 0.617663 test_acc 0.691848
[mpi] epoch 165 time 1.00909s train_loss 0.610627 train_acc 0.702846 test_loss 0.617501 test_acc 0.691848
[mpi] epoch 166 time 1.01522s train_loss 0.610439 train_acc 0.702846 test_loss 0.61734 test_acc 0.691848
[mpi] epoch 167 time 1.02128s train_loss 0.610251 train_acc 0.7032 test_loss 0.617181 test_acc 0.691981
[mpi] epoch 168 time 1.0273s train_loss 0.610065 train_acc 0.703553 test_loss 0.617023 test_acc 0.692114
[mpi] epoch 169 time 1.03341s train_loss 0.60988 train_acc 0.703995 test_loss 0.616865 test_acc 0.692379
[mpi] epoch 170 time 1.03948s train_loss 0.609696 train_acc 0.704083 test_loss 0.616709 test_acc 0.692512
[mpi] epoch 171 time 1.04555s train_loss 0.609514 train_acc 0.704349 test_loss 0.616554 test_acc 0.693043
[mpi] epoch 172 time 1.0517s train_loss 0.609333 train_acc 0.704437 test_loss 0.6164 test_acc 0.693309
[mpi] epoch 173 time 1.05778s train_loss 0.609153 train_acc 0.704879 test_loss 0.616248 test_acc 0.693574
[mpi] epoch 174 time 1.06382s train_loss 0.608974 train_acc 0.705232 test_loss 0.616096 test_acc 0.69384
[mpi] epoch 175 time 1.06991s train_loss 0.608796 train_acc 0.705056 test_loss 0.615945 test_acc 0.693707
[mpi] epoch 176 time 1.07597s train_loss 0.608619 train_acc 0.705144 test_loss 0.615796 test_acc 0.693972
[mpi] epoch 177 time 1.08202s train_loss 0.608444 train_acc 0.705586 test_loss 0.615647 test_acc 0.694503
[mpi] epoch 178 time 1.08804s train_loss 0.608269 train_acc 0.706028 test_loss 0.6155 test_acc 0.694902
[mpi] epoch 179 time 1.09418s train_loss 0.608096 train_acc 0.706205 test_loss 0.615353 test_acc 0.695035
[mpi] epoch 180 time 1.10023s train_loss 0.607924 train_acc 0.706293 test_loss 0.615208 test_acc 0.694902
[mpi] epoch 181 time 1.10631s train_loss 0.607753 train_acc 0.706735 test_loss 0.615063 test_acc 0.694769
[mpi] epoch 182 time 1.11236s train_loss 0.607583 train_acc 0.706823 test_loss 0.61492 test_acc 0.694769
[mpi] epoch 183 time 1.11847s train_loss 0.607414 train_acc 0.706823 test_loss 0.614777 test_acc 0.694769
[mpi] epoch 184 time 1.12464s train_loss 0.607246 train_acc 0.707177 test_loss 0.614635 test_acc 0.695167
[mpi] epoch 185 time 1.13064s train_loss 0.607079 train_acc 0.707442 test_loss 0.614495 test_acc 0.695035
[mpi] epoch 186 time 1.13676s train_loss 0.606913 train_acc 0.70753 test_loss 0.614355 test_acc 0.695566
[mpi] epoch 187 time 1.14279s train_loss 0.606749 train_acc 0.707619 test_loss 0.614216 test_acc 0.695698
[mpi] epoch 188 time 1.14884s train_loss 0.606585 train_acc 0.707796 test_loss 0.614078 test_acc 0.695831
[mpi] epoch 189 time 1.15491s train_loss 0.606422 train_acc 0.707884 test_loss 0.613941 test_acc 0.696229
[mpi] epoch 190 time 1.16098s train_loss 0.60626 train_acc 0.707972 test_loss 0.613805 test_acc 0.696362
[mpi] epoch 191 time 1.16706s train_loss 0.606099 train_acc 0.708149 test_loss 0.61367 test_acc 0.696362
[mpi] epoch 192 time 1.17311s train_loss 0.605939 train_acc 0.708326 test_loss 0.613536 test_acc 0.696495
[mpi] epoch 193 time 1.1792s train_loss 0.60578 train_acc 0.708414 test_loss 0.613402 test_acc 0.696893
[mpi] epoch 194 time 1.18525s train_loss 0.605622 train_acc 0.70868 test_loss 0.61327 test_acc 0.697159
[mpi] epoch 195 time 1.19131s train_loss 0.605465 train_acc 0.708856 test_loss 0.613138 test_acc 0.697292
[mpi] epoch 196 time 1.19742s train_loss 0.605309 train_acc 0.708945 test_loss 0.613007 test_acc 0.697292
[mpi] epoch 197 time 1.20344s train_loss 0.605154 train_acc 0.709033 test_loss 0.612877 test_acc 0.697424
[mpi] epoch 198 time 1.2095s train_loss 0.605 train_acc 0.70921 test_loss 0.612748 test_acc 0.69769
[mpi] epoch 199 time 1.21559s train_loss 0.604846 train_acc 0.709387 test_loss 0.61262 test_acc 0.698088
[mpi] epoch 200 time 1.22158s train_loss 0.604694 train_acc 0.709298 test_loss 0.612492 test_acc 0.698221
Training finished in 1.22159 seconds.
