MPI processes: 4
Dataset: data/20newsgroup/20newsgroup_train.svm
Epochs: 200
Learning rate: 1
Lambda: 0.001
Overlap: disabled
[mpi] epoch 1 time 0.00365411s train_loss 0.690467 train_acc 0.517417 test_loss 0.690304 test_acc 0.512133
[mpi] epoch 2 time 0.00605155s train_loss 0.687928 train_acc 0.548853 test_loss 0.687625 test_acc 0.54917
[mpi] epoch 3 time 0.00820462s train_loss 0.685473 train_acc 0.581138 test_loss 0.685046 test_acc 0.586207
[mpi] epoch 4 time 0.0103622s train_loss 0.683074 train_acc 0.623619 test_loss 0.682534 test_acc 0.634738
[mpi] epoch 5 time 0.0125087s train_loss 0.680717 train_acc 0.656754 test_loss 0.680073 test_acc 0.661558
[mpi] epoch 6 time 0.014647s train_loss 0.678398 train_acc 0.677995 test_loss 0.677655 test_acc 0.687101
[mpi] epoch 7 time 0.0167665s train_loss 0.676112 train_acc 0.690739 test_loss 0.675276 test_acc 0.710089
[mpi] epoch 8 time 0.0189139s train_loss 0.673858 train_acc 0.707732 test_loss 0.672933 test_acc 0.726692
[mpi] epoch 9 time 0.0210526s train_loss 0.671634 train_acc 0.723874 test_loss 0.670624 test_acc 0.735632
[mpi] epoch 10 time 0.0231976s train_loss 0.669441 train_acc 0.729822 test_loss 0.668349 test_acc 0.753512
[mpi] epoch 11 time 0.0253345s train_loss 0.667277 train_acc 0.741716 test_loss 0.666106 test_acc 0.758621
[mpi] epoch 12 time 0.0274689s train_loss 0.665142 train_acc 0.75616 test_loss 0.663895 test_acc 0.766284
[mpi] epoch 13 time 0.0296188s train_loss 0.663035 train_acc 0.761257 test_loss 0.661714 test_acc 0.768838
[mpi] epoch 14 time 0.0317741s train_loss 0.660956 train_acc 0.764656 test_loss 0.659564 test_acc 0.776501
[mpi] epoch 15 time 0.0339122s train_loss 0.658904 train_acc 0.768904 test_loss 0.657443 test_acc 0.777778
[mpi] epoch 16 time 0.0360325s train_loss 0.656878 train_acc 0.776551 test_loss 0.655351 test_acc 0.781609
[mpi] epoch 17 time 0.0381603s train_loss 0.654879 train_acc 0.779099 test_loss 0.653287 test_acc 0.786718
[mpi] epoch 18 time 0.0402846s train_loss 0.652906 train_acc 0.779949 test_loss 0.651252 test_acc 0.787995
[mpi] epoch 19 time 0.04338s train_loss 0.650958 train_acc 0.779949 test_loss 0.649244 test_acc 0.794381
[mpi] epoch 20 time 0.0480563s train_loss 0.649035 train_acc 0.781648 test_loss 0.647262 test_acc 0.794381
[mpi] epoch 21 time 0.0515874s train_loss 0.647136 train_acc 0.781648 test_loss 0.645307 test_acc 0.793103
[mpi] epoch 22 time 0.0540529s train_loss 0.645261 train_acc 0.782498 test_loss 0.643379 test_acc 0.794381
[mpi] epoch 23 time 0.0565168s train_loss 0.64341 train_acc 0.786746 test_loss 0.641475 test_acc 0.795658
[mpi] epoch 24 time 0.0590166s train_loss 0.641581 train_acc 0.789295 test_loss 0.639597 test_acc 0.799489
[mpi] epoch 25 time 0.0615317s train_loss 0.639776 train_acc 0.790144 test_loss 0.637743 test_acc 0.798212
[mpi] epoch 26 time 0.0636024s train_loss 0.637992 train_acc 0.790994 test_loss 0.635914 test_acc 0.799489
[mpi] epoch 27 time 0.0656707s train_loss 0.636231 train_acc 0.792693 test_loss 0.634108 test_acc 0.799489
[mpi] epoch 28 time 0.0677309s train_loss 0.634491 train_acc 0.795242 test_loss 0.632325 test_acc 0.802043
[mpi] epoch 29 time 0.0697876s train_loss 0.632772 train_acc 0.796941 test_loss 0.630566 test_acc 0.804598
[mpi] epoch 30 time 0.0718536s train_loss 0.631074 train_acc 0.796941 test_loss 0.628829 test_acc 0.807152
[mpi] epoch 31 time 0.0739286s train_loss 0.629396 train_acc 0.80034 test_loss 0.627114 test_acc 0.807152
[mpi] epoch 32 time 0.0759866s train_loss 0.627738 train_acc 0.798641 test_loss 0.62542 test_acc 0.805875
[mpi] epoch 33 time 0.0780488s train_loss 0.6261 train_acc 0.801189 test_loss 0.623748 test_acc 0.808429
[mpi] epoch 34 time 0.0801148s train_loss 0.624481 train_acc 0.801189 test_loss 0.622097 test_acc 0.809706
[mpi] epoch 35 time 0.0821802s train_loss 0.622882 train_acc 0.801189 test_loss 0.620467 test_acc 0.809706
[mpi] epoch 36 time 0.0842509s train_loss 0.6213 train_acc 0.805438 test_loss 0.618857 test_acc 0.809706
[mpi] epoch 37 time 0.086317s train_loss 0.619737 train_acc 0.806287 test_loss 0.617267 test_acc 0.809706
[mpi] epoch 38 time 0.0883745s train_loss 0.618193 train_acc 0.803738 test_loss 0.615696 test_acc 0.809706
[mpi] epoch 39 time 0.0904415s train_loss 0.616666 train_acc 0.806287 test_loss 0.614144 test_acc 0.810983
[mpi] epoch 40 time 0.0925128s train_loss 0.615156 train_acc 0.806287 test_loss 0.612612 test_acc 0.814815
[mpi] epoch 41 time 0.0945868s train_loss 0.613663 train_acc 0.807137 test_loss 0.611098 test_acc 0.816092
[mpi] epoch 42 time 0.0966643s train_loss 0.612187 train_acc 0.807137 test_loss 0.609602 test_acc 0.818646
[mpi] epoch 43 time 0.0987516s train_loss 0.610728 train_acc 0.806287 test_loss 0.608125 test_acc 0.819923
[mpi] epoch 44 time 0.100811s train_loss 0.609285 train_acc 0.806287 test_loss 0.606664 test_acc 0.819923
[mpi] epoch 45 time 0.102875s train_loss 0.607858 train_acc 0.807137 test_loss 0.605222 test_acc 0.819923
[mpi] epoch 46 time 0.104938s train_loss 0.606447 train_acc 0.807986 test_loss 0.603796 test_acc 0.819923
[mpi] epoch 47 time 0.107s train_loss 0.605051 train_acc 0.808836 test_loss 0.602387 test_acc 0.819923
[mpi] epoch 48 time 0.109072s train_loss 0.60367 train_acc 0.808836 test_loss 0.600995 test_acc 0.822478
[mpi] epoch 49 time 0.111145s train_loss 0.602304 train_acc 0.810535 test_loss 0.599619 test_acc 0.822478
[mpi] epoch 50 time 0.113219s train_loss 0.600953 train_acc 0.811385 test_loss 0.598259 test_acc 0.825032
[mpi] epoch 51 time 0.115292s train_loss 0.599617 train_acc 0.812234 test_loss 0.596914 test_acc 0.825032
[mpi] epoch 52 time 0.117356s train_loss 0.598294 train_acc 0.813934 test_loss 0.595585 test_acc 0.828863
[mpi] epoch 53 time 0.119424s train_loss 0.596986 train_acc 0.814783 test_loss 0.594271 test_acc 0.83014
[mpi] epoch 54 time 0.121496s train_loss 0.595691 train_acc 0.814783 test_loss 0.592972 test_acc 0.83014
[mpi] epoch 55 time 0.123574s train_loss 0.59441 train_acc 0.816483 test_loss 0.591688 test_acc 0.832695
[mpi] epoch 56 time 0.125643s train_loss 0.593142 train_acc 0.816483 test_loss 0.590418 test_acc 0.832695
[mpi] epoch 57 time 0.127702s train_loss 0.591887 train_acc 0.817332 test_loss 0.589163 test_acc 0.833972
[mpi] epoch 58 time 0.129778s train_loss 0.590646 train_acc 0.818182 test_loss 0.587922 test_acc 0.833972
[mpi] epoch 59 time 0.13184s train_loss 0.589417 train_acc 0.819031 test_loss 0.586694 test_acc 0.833972
[mpi] epoch 60 time 0.133902s train_loss 0.5882 train_acc 0.819881 test_loss 0.58548 test_acc 0.835249
[mpi] epoch 61 time 0.135959s train_loss 0.586996 train_acc 0.819881 test_loss 0.584279 test_acc 0.835249
[mpi] epoch 62 time 0.138028s train_loss 0.585803 train_acc 0.820731 test_loss 0.583091 test_acc 0.836526
[mpi] epoch 63 time 0.140094s train_loss 0.584623 train_acc 0.82243 test_loss 0.581917 test_acc 0.836526
[mpi] epoch 64 time 0.142164s train_loss 0.583455 train_acc 0.825828 test_loss 0.580755 test_acc 0.836526
[mpi] epoch 65 time 0.144238s train_loss 0.582298 train_acc 0.825828 test_loss 0.579605 test_acc 0.836526
[mpi] epoch 66 time 0.14633s train_loss 0.581152 train_acc 0.827528 test_loss 0.578468 test_acc 0.836526
[mpi] epoch 67 time 0.148376s train_loss 0.580018 train_acc 0.827528 test_loss 0.577343 test_acc 0.836526
[mpi] epoch 68 time 0.150437s train_loss 0.578894 train_acc 0.828377 test_loss 0.576231 test_acc 0.837803
[mpi] epoch 69 time 0.152499s train_loss 0.577782 train_acc 0.828377 test_loss 0.575129 test_acc 0.837803
[mpi] epoch 70 time 0.154576s train_loss 0.57668 train_acc 0.827528 test_loss 0.57404 test_acc 0.837803
[mpi] epoch 71 time 0.156641s train_loss 0.575588 train_acc 0.826678 test_loss 0.572962 test_acc 0.837803
[mpi] epoch 72 time 0.158717s train_loss 0.574508 train_acc 0.826678 test_loss 0.571895 test_acc 0.837803
[mpi] epoch 73 time 0.160786s train_loss 0.573437 train_acc 0.827528 test_loss 0.570839 test_acc 0.83908
[mpi] epoch 74 time 0.16289s train_loss 0.572376 train_acc 0.827528 test_loss 0.569794 test_acc 0.83908
[mpi] epoch 75 time 0.164967s train_loss 0.571326 train_acc 0.829227 test_loss 0.56876 test_acc 0.83908
[mpi] epoch 76 time 0.167031s train_loss 0.570285 train_acc 0.830076 test_loss 0.567737 test_acc 0.83908
[mpi] epoch 77 time 0.169099s train_loss 0.569253 train_acc 0.830926 test_loss 0.566724 test_acc 0.83908
[mpi] epoch 78 time 0.171163s train_loss 0.568232 train_acc 0.830926 test_loss 0.565721 test_acc 0.83908
[mpi] epoch 79 time 0.173229s train_loss 0.567219 train_acc 0.830926 test_loss 0.564729 test_acc 0.83908
[mpi] epoch 80 time 0.175286s train_loss 0.566216 train_acc 0.830926 test_loss 0.563746 test_acc 0.83908
[mpi] epoch 81 time 0.177354s train_loss 0.565222 train_acc 0.830926 test_loss 0.562773 test_acc 0.83908
[mpi] epoch 82 time 0.17942s train_loss 0.564237 train_acc 0.832625 test_loss 0.56181 test_acc 0.83908
[mpi] epoch 83 time 0.181484s train_loss 0.563261 train_acc 0.832625 test_loss 0.560857 test_acc 0.83908
[mpi] epoch 84 time 0.183554s train_loss 0.562293 train_acc 0.832625 test_loss 0.559913 test_acc 0.83908
[mpi] epoch 85 time 0.185622s train_loss 0.561334 train_acc 0.832625 test_loss 0.558978 test_acc 0.840358
[mpi] epoch 86 time 0.187686s train_loss 0.560384 train_acc 0.832625 test_loss 0.558053 test_acc 0.840358
[mpi] epoch 87 time 0.189761s train_loss 0.559442 train_acc 0.832625 test_loss 0.557136 test_acc 0.841635
[mpi] epoch 88 time 0.191822s train_loss 0.558508 train_acc 0.832625 test_loss 0.556229 test_acc 0.842912
[mpi] epoch 89 time 0.193892s train_loss 0.557582 train_acc 0.832625 test_loss 0.55533 test_acc 0.842912
[mpi] epoch 90 time 0.195995s train_loss 0.556664 train_acc 0.832625 test_loss 0.55444 test_acc 0.842912
[mpi] epoch 91 time 0.198065s train_loss 0.555754 train_acc 0.832625 test_loss 0.553558 test_acc 0.842912
[mpi] epoch 92 time 0.200121s train_loss 0.554852 train_acc 0.832625 test_loss 0.552685 test_acc 0.842912
[mpi] epoch 93 time 0.202185s train_loss 0.553958 train_acc 0.833475 test_loss 0.55182 test_acc 0.844189
[mpi] epoch 94 time 0.204242s train_loss 0.553072 train_acc 0.833475 test_loss 0.550964 test_acc 0.845466
[mpi] epoch 95 time 0.206314s train_loss 0.552192 train_acc 0.833475 test_loss 0.550115 test_acc 0.845466
[mpi] epoch 96 time 0.208367s train_loss 0.551321 train_acc 0.834325 test_loss 0.549275 test_acc 0.845466
[mpi] epoch 97 time 0.210437s train_loss 0.550456 train_acc 0.835174 test_loss 0.548442 test_acc 0.845466
[mpi] epoch 98 time 0.212503s train_loss 0.549599 train_acc 0.835174 test_loss 0.547617 test_acc 0.846743
[mpi] epoch 99 time 0.214583s train_loss 0.548749 train_acc 0.836873 test_loss 0.5468 test_acc 0.846743
[mpi] epoch 100 time 0.216655s train_loss 0.547905 train_acc 0.836873 test_loss 0.54599 test_acc 0.846743
[mpi] epoch 101 time 0.218734s train_loss 0.547069 train_acc 0.837723 test_loss 0.545188 test_acc 0.846743
[mpi] epoch 102 time 0.220803s train_loss 0.54624 train_acc 0.837723 test_loss 0.544393 test_acc 0.846743
[mpi] epoch 103 time 0.222874s train_loss 0.545417 train_acc 0.838573 test_loss 0.543605 test_acc 0.846743
[mpi] epoch 104 time 0.224946s train_loss 0.544601 train_acc 0.839422 test_loss 0.542825 test_acc 0.846743
[mpi] epoch 105 time 0.227014s train_loss 0.543792 train_acc 0.840272 test_loss 0.542052 test_acc 0.846743
[mpi] epoch 106 time 0.229081s train_loss 0.542989 train_acc 0.840272 test_loss 0.541285 test_acc 0.84802
[mpi] epoch 107 time 0.231148s train_loss 0.542193 train_acc 0.840272 test_loss 0.540526 test_acc 0.84802
[mpi] epoch 108 time 0.233202s train_loss 0.541403 train_acc 0.841121 test_loss 0.539773 test_acc 0.84802
[mpi] epoch 109 time 0.235266s train_loss 0.540619 train_acc 0.842821 test_loss 0.539027 test_acc 0.84802
[mpi] epoch 110 time 0.237338s train_loss 0.539841 train_acc 0.84452 test_loss 0.538288 test_acc 0.84802
[mpi] epoch 111 time 0.239401s train_loss 0.53907 train_acc 0.84452 test_loss 0.537555 test_acc 0.84802
[mpi] epoch 112 time 0.241464s train_loss 0.538304 train_acc 0.84452 test_loss 0.536829 test_acc 0.84802
[mpi] epoch 113 time 0.243524s train_loss 0.537545 train_acc 0.846219 test_loss 0.536109 test_acc 0.849298
[mpi] epoch 114 time 0.245597s train_loss 0.536791 train_acc 0.847069 test_loss 0.535396 test_acc 0.849298
[mpi] epoch 115 time 0.247672s train_loss 0.536043 train_acc 0.847918 test_loss 0.534688 test_acc 0.851852
[mpi] epoch 116 time 0.249752s train_loss 0.535301 train_acc 0.849618 test_loss 0.533987 test_acc 0.851852
[mpi] epoch 117 time 0.25183s train_loss 0.534565 train_acc 0.849618 test_loss 0.533292 test_acc 0.851852
[mpi] epoch 118 time 0.253901s train_loss 0.533834 train_acc 0.849618 test_loss 0.532603 test_acc 0.851852
[mpi] epoch 119 time 0.25596s train_loss 0.533109 train_acc 0.849618 test_loss 0.53192 test_acc 0.851852
[mpi] epoch 120 time 0.258026s train_loss 0.532389 train_acc 0.850467 test_loss 0.531243 test_acc 0.851852
[mpi] epoch 121 time 0.260092s train_loss 0.531675 train_acc 0.850467 test_loss 0.530571 test_acc 0.851852
[mpi] epoch 122 time 0.262163s train_loss 0.530966 train_acc 0.852167 test_loss 0.529905 test_acc 0.851852
[mpi] epoch 123 time 0.264223s train_loss 0.530263 train_acc 0.852167 test_loss 0.529245 test_acc 0.853129
[mpi] epoch 124 time 0.266278s train_loss 0.529564 train_acc 0.852167 test_loss 0.528591 test_acc 0.853129
[mpi] epoch 125 time 0.268341s train_loss 0.528871 train_acc 0.852167 test_loss 0.527942 test_acc 0.854406
[mpi] epoch 126 time 0.270403s train_loss 0.528183 train_acc 0.852167 test_loss 0.527298 test_acc 0.854406
[mpi] epoch 127 time 0.272471s train_loss 0.5275 train_acc 0.852167 test_loss 0.52666 test_acc 0.854406
[mpi] epoch 128 time 0.27454s train_loss 0.526822 train_acc 0.852167 test_loss 0.526027 test_acc 0.855683
[mpi] epoch 129 time 0.276605s train_loss 0.526149 train_acc 0.852167 test_loss 0.5254 test_acc 0.85696
[mpi] epoch 130 time 0.278704s train_loss 0.525481 train_acc 0.852167 test_loss 0.524777 test_acc 0.85696
[mpi] epoch 131 time 0.28076s train_loss 0.524818 train_acc 0.852167 test_loss 0.52416 test_acc 0.85696
[mpi] epoch 132 time 0.282825s train_loss 0.524159 train_acc 0.852167 test_loss 0.523548 test_acc 0.85696
[mpi] epoch 133 time 0.284885s train_loss 0.523505 train_acc 0.853016 test_loss 0.522941 test_acc 0.858238
[mpi] epoch 134 time 0.286941s train_loss 0.522856 train_acc 0.853016 test_loss 0.522339 test_acc 0.858238
[mpi] epoch 135 time 0.289009s train_loss 0.522212 train_acc 0.853016 test_loss 0.521742 test_acc 0.859515
[mpi] epoch 136 time 0.291078s train_loss 0.521572 train_acc 0.853866 test_loss 0.52115 test_acc 0.859515
[mpi] epoch 137 time 0.293144s train_loss 0.520937 train_acc 0.853866 test_loss 0.520562 test_acc 0.859515
[mpi] epoch 138 time 0.29521s train_loss 0.520306 train_acc 0.853866 test_loss 0.519979 test_acc 0.860792
[mpi] epoch 139 time 0.297275s train_loss 0.51968 train_acc 0.855565 test_loss 0.519401 test_acc 0.860792
[mpi] epoch 140 time 0.299347s train_loss 0.519058 train_acc 0.856415 test_loss 0.518828 test_acc 0.860792
[mpi] epoch 141 time 0.301417s train_loss 0.51844 train_acc 0.856415 test_loss 0.518259 test_acc 0.862069
[mpi] epoch 142 time 0.303473s train_loss 0.517827 train_acc 0.856415 test_loss 0.517695 test_acc 0.863346
[mpi] epoch 143 time 0.305535s train_loss 0.517218 train_acc 0.856415 test_loss 0.517135 test_acc 0.864623
[mpi] epoch 144 time 0.307605s train_loss 0.516613 train_acc 0.856415 test_loss 0.51658 test_acc 0.864623
[mpi] epoch 145 time 0.309677s train_loss 0.516012 train_acc 0.856415 test_loss 0.516029 test_acc 0.864623
[mpi] epoch 146 time 0.31174s train_loss 0.515416 train_acc 0.857264 test_loss 0.515482 test_acc 0.864623
[mpi] epoch 147 time 0.313803s train_loss 0.514823 train_acc 0.857264 test_loss 0.51494 test_acc 0.8659
[mpi] epoch 148 time 0.315868s train_loss 0.514235 train_acc 0.857264 test_loss 0.514402 test_acc 0.8659
[mpi] epoch 149 time 0.317934s train_loss 0.513651 train_acc 0.858963 test_loss 0.513869 test_acc 0.8659
[mpi] epoch 150 time 0.319994s train_loss 0.51307 train_acc 0.859813 test_loss 0.513339 test_acc 0.8659
[mpi] epoch 151 time 0.322067s train_loss 0.512494 train_acc 0.859813 test_loss 0.512814 test_acc 0.8659
[mpi] epoch 152 time 0.324131s train_loss 0.511921 train_acc 0.861512 test_loss 0.512292 test_acc 0.8659
[mpi] epoch 153 time 0.326194s train_loss 0.511352 train_acc 0.862362 test_loss 0.511775 test_acc 0.8659
[mpi] epoch 154 time 0.32825s train_loss 0.510788 train_acc 0.864061 test_loss 0.511262 test_acc 0.8659
[mpi] epoch 155 time 0.33033s train_loss 0.510226 train_acc 0.864911 test_loss 0.510752 test_acc 0.868455
[mpi] epoch 156 time 0.332393s train_loss 0.509669 train_acc 0.864911 test_loss 0.510247 test_acc 0.868455
[mpi] epoch 157 time 0.334461s train_loss 0.509115 train_acc 0.86661 test_loss 0.509745 test_acc 0.867178
[mpi] epoch 158 time 0.336526s train_loss 0.508565 train_acc 0.86661 test_loss 0.509247 test_acc 0.867178
[mpi] epoch 159 time 0.338593s train_loss 0.508019 train_acc 0.86661 test_loss 0.508753 test_acc 0.867178
[mpi] epoch 160 time 0.340665s train_loss 0.507476 train_acc 0.86661 test_loss 0.508263 test_acc 0.867178
[mpi] epoch 161 time 0.342742s train_loss 0.506937 train_acc 0.86661 test_loss 0.507777 test_acc 0.869732
[mpi] epoch 162 time 0.344802s train_loss 0.506401 train_acc 0.86661 test_loss 0.507294 test_acc 0.869732
[mpi] epoch 163 time 0.34687s train_loss 0.505869 train_acc 0.86746 test_loss 0.506815 test_acc 0.869732
[mpi] epoch 164 time 0.348931s train_loss 0.50534 train_acc 0.86746 test_loss 0.506339 test_acc 0.872286
[mpi] epoch 165 time 0.350993s train_loss 0.504815 train_acc 0.86746 test_loss 0.505867 test_acc 0.872286
[mpi] epoch 166 time 0.353061s train_loss 0.504293 train_acc 0.86746 test_loss 0.505399 test_acc 0.873563
[mpi] epoch 167 time 0.355132s train_loss 0.503774 train_acc 0.86746 test_loss 0.504934 test_acc 0.873563
[mpi] epoch 168 time 0.357187s train_loss 0.503259 train_acc 0.86746 test_loss 0.504473 test_acc 0.873563
[mpi] epoch 169 time 0.359254s train_loss 0.502747 train_acc 0.868309 test_loss 0.504015 test_acc 0.873563
[mpi] epoch 170 time 0.361331s train_loss 0.502239 train_acc 0.868309 test_loss 0.50356 test_acc 0.873563
[mpi] epoch 171 time 0.363397s train_loss 0.501733 train_acc 0.869159 test_loss 0.503109 test_acc 0.873563
[mpi] epoch 172 time 0.365459s train_loss 0.501231 train_acc 0.869159 test_loss 0.502661 test_acc 0.873563
[mpi] epoch 173 time 0.367524s train_loss 0.500732 train_acc 0.869159 test_loss 0.502216 test_acc 0.873563
[mpi] epoch 174 time 0.369598s train_loss 0.500236 train_acc 0.870008 test_loss 0.501775 test_acc 0.873563
[mpi] epoch 175 time 0.371671s train_loss 0.499743 train_acc 0.870008 test_loss 0.501337 test_acc 0.873563
[mpi] epoch 176 time 0.373735s train_loss 0.499254 train_acc 0.870858 test_loss 0.500902 test_acc 0.87484
[mpi] epoch 177 time 0.375796s train_loss 0.498767 train_acc 0.870858 test_loss 0.50047 test_acc 0.87484
[mpi] epoch 178 time 0.377861s train_loss 0.498284 train_acc 0.870858 test_loss 0.500042 test_acc 0.87484
[mpi] epoch 179 time 0.379931s train_loss 0.497803 train_acc 0.870858 test_loss 0.499616 test_acc 0.87484
[mpi] epoch 180 time 0.382005s train_loss 0.497326 train_acc 0.870858 test_loss 0.499194 test_acc 0.87484
[mpi] epoch 181 time 0.384075s train_loss 0.496851 train_acc 0.870858 test_loss 0.498775 test_acc 0.87484
[mpi] epoch 182 time 0.386145s train_loss 0.49638 train_acc 0.870858 test_loss 0.498358 test_acc 0.876117
[mpi] epoch 183 time 0.388212s train_loss 0.495911 train_acc 0.871708 test_loss 0.497945 test_acc 0.876117
[mpi] epoch 184 time 0.39028s train_loss 0.495445 train_acc 0.871708 test_loss 0.497535 test_acc 0.876117
[mpi] epoch 185 time 0.392344s train_loss 0.494983 train_acc 0.871708 test_loss 0.497128 test_acc 0.877395
[mpi] epoch 186 time 0.394416s train_loss 0.494523 train_acc 0.871708 test_loss 0.496723 test_acc 0.878672
[mpi] epoch 187 time 0.396484s train_loss 0.494065 train_acc 0.871708 test_loss 0.496322 test_acc 0.878672
[mpi] epoch 188 time 0.398559s train_loss 0.493611 train_acc 0.871708 test_loss 0.495923 test_acc 0.878672
[mpi] epoch 189 time 0.400626s train_loss 0.493159 train_acc 0.871708 test_loss 0.495527 test_acc 0.878672
[mpi] epoch 190 time 0.402694s train_loss 0.49271 train_acc 0.871708 test_loss 0.495134 test_acc 0.878672
[mpi] epoch 191 time 0.404756s train_loss 0.492264 train_acc 0.871708 test_loss 0.494744 test_acc 0.878672
[mpi] epoch 192 time 0.406828s train_loss 0.491821 train_acc 0.871708 test_loss 0.494357 test_acc 0.878672
[mpi] epoch 193 time 0.408927s train_loss 0.49138 train_acc 0.872557 test_loss 0.493972 test_acc 0.878672
[mpi] epoch 194 time 0.410986s train_loss 0.490942 train_acc 0.872557 test_loss 0.49359 test_acc 0.879949
[mpi] epoch 195 time 0.413059s train_loss 0.490506 train_acc 0.873407 test_loss 0.493211 test_acc 0.879949
[mpi] epoch 196 time 0.415127s train_loss 0.490073 train_acc 0.873407 test_loss 0.492834 test_acc 0.881226
[mpi] epoch 197 time 0.417197s train_loss 0.489643 train_acc 0.874257 test_loss 0.49246 test_acc 0.879949
[mpi] epoch 198 time 0.419292s train_loss 0.489215 train_acc 0.874257 test_loss 0.492089 test_acc 0.879949
[mpi] epoch 199 time 0.421355s train_loss 0.48879 train_acc 0.874257 test_loss 0.49172 test_acc 0.879949
[mpi] epoch 200 time 0.423414s train_loss 0.488367 train_acc 0.874257 test_loss 0.491354 test_acc 0.879949
Training finished in 0.423505 seconds.
