MPI processes: 16
Dataset: data/20newsgroup_full/20newsgroup_full_train.svm
Epochs: 200
Learning rate: 1
Lambda: 0.001
Overlap: disabled
[mpi] epoch 1 time 0.0176199s train_loss 0.691836 train_acc 0.675446 test_loss 0.691898 test_acc 0.664498
[mpi] epoch 2 time 0.0323783s train_loss 0.690548 train_acc 0.674562 test_loss 0.690672 test_acc 0.663702
[mpi] epoch 3 time 0.0399295s train_loss 0.689283 train_acc 0.674916 test_loss 0.689469 test_acc 0.663303
[mpi] epoch 4 time 0.0471603s train_loss 0.68804 train_acc 0.674651 test_loss 0.688288 test_acc 0.661179
[mpi] epoch 5 time 0.0544165s train_loss 0.686819 train_acc 0.674209 test_loss 0.687129 test_acc 0.661179
[mpi] epoch 6 time 0.0616581s train_loss 0.68562 train_acc 0.672972 test_loss 0.68599 test_acc 0.66171
[mpi] epoch 7 time 0.0690003s train_loss 0.684442 train_acc 0.672795 test_loss 0.684873 test_acc 0.661312
[mpi] epoch 8 time 0.0763346s train_loss 0.683284 train_acc 0.672706 test_loss 0.683775 test_acc 0.661179
[mpi] epoch 9 time 0.0837433s train_loss 0.682146 train_acc 0.672441 test_loss 0.682697 test_acc 0.661843
[mpi] epoch 10 time 0.0911171s train_loss 0.681028 train_acc 0.672176 test_loss 0.681639 test_acc 0.661577
[mpi] epoch 11 time 0.0984324s train_loss 0.679929 train_acc 0.672264 test_loss 0.680599 test_acc 0.662772
[mpi] epoch 12 time 0.105742s train_loss 0.678849 train_acc 0.672441 test_loss 0.679578 test_acc 0.663038
[mpi] epoch 13 time 0.113166s train_loss 0.677788 train_acc 0.672618 test_loss 0.678575 test_acc 0.663834
[mpi] epoch 14 time 0.120372s train_loss 0.676744 train_acc 0.672353 test_loss 0.677589 test_acc 0.664896
[mpi] epoch 15 time 0.127548s train_loss 0.675718 train_acc 0.672618 test_loss 0.676621 test_acc 0.665162
[mpi] epoch 16 time 0.134783s train_loss 0.674709 train_acc 0.672795 test_loss 0.67567 test_acc 0.665029
[mpi] epoch 17 time 0.142156s train_loss 0.673718 train_acc 0.672883 test_loss 0.674735 test_acc 0.665295
[mpi] epoch 18 time 0.151718s train_loss 0.672743 train_acc 0.672972 test_loss 0.673817 test_acc 0.66556
[mpi] epoch 19 time 0.159725s train_loss 0.671784 train_acc 0.673502 test_loss 0.672914 test_acc 0.665693
[mpi] epoch 20 time 0.167065s train_loss 0.67084 train_acc 0.673767 test_loss 0.672027 test_acc 0.665693
[mpi] epoch 21 time 0.174349s train_loss 0.669913 train_acc 0.673855 test_loss 0.671155 test_acc 0.665693
[mpi] epoch 22 time 0.181662s train_loss 0.669 train_acc 0.674297 test_loss 0.670298 test_acc 0.665959
[mpi] epoch 23 time 0.189045s train_loss 0.668103 train_acc 0.674297 test_loss 0.669456 test_acc 0.666357
[mpi] epoch 24 time 0.196384s train_loss 0.66722 train_acc 0.674386 test_loss 0.668627 test_acc 0.66649
[mpi] epoch 25 time 0.203653s train_loss 0.666351 train_acc 0.674297 test_loss 0.667813 test_acc 0.667021
[mpi] epoch 26 time 0.210938s train_loss 0.665496 train_acc 0.674209 test_loss 0.667012 test_acc 0.667286
[mpi] epoch 27 time 0.218252s train_loss 0.664655 train_acc 0.674297 test_loss 0.666225 test_acc 0.667817
[mpi] epoch 28 time 0.226138s train_loss 0.663827 train_acc 0.674562 test_loss 0.665451 test_acc 0.66795
[mpi] epoch 29 time 0.233353s train_loss 0.663013 train_acc 0.674828 test_loss 0.664689 test_acc 0.668216
[mpi] epoch 30 time 0.240695s train_loss 0.662211 train_acc 0.674916 test_loss 0.66394 test_acc 0.668348
[mpi] epoch 31 time 0.247954s train_loss 0.661421 train_acc 0.675093 test_loss 0.663203 test_acc 0.668879
[mpi] epoch 32 time 0.25521s train_loss 0.660644 train_acc 0.675181 test_loss 0.662478 test_acc 0.668747
[mpi] epoch 33 time 0.262572s train_loss 0.659879 train_acc 0.675446 test_loss 0.661765 test_acc 0.668747
[mpi] epoch 34 time 0.269858s train_loss 0.659126 train_acc 0.675535 test_loss 0.661063 test_acc 0.669411
[mpi] epoch 35 time 0.277173s train_loss 0.658384 train_acc 0.6758 test_loss 0.660373 test_acc 0.669809
[mpi] epoch 36 time 0.284398s train_loss 0.657654 train_acc 0.675977 test_loss 0.659694 test_acc 0.670074
[mpi] epoch 37 time 0.291758s train_loss 0.656934 train_acc 0.676153 test_loss 0.659025 test_acc 0.669942
[mpi] epoch 38 time 0.299084s train_loss 0.656225 train_acc 0.67633 test_loss 0.658367 test_acc 0.670207
[mpi] epoch 39 time 0.306515s train_loss 0.655527 train_acc 0.676861 test_loss 0.657719 test_acc 0.670207
[mpi] epoch 40 time 0.313746s train_loss 0.65484 train_acc 0.676861 test_loss 0.657081 test_acc 0.670473
[mpi] epoch 41 time 0.32094s train_loss 0.654162 train_acc 0.677037 test_loss 0.656453 test_acc 0.670871
[mpi] epoch 42 time 0.328489s train_loss 0.653495 train_acc 0.677214 test_loss 0.655835 test_acc 0.671269
[mpi] epoch 43 time 0.335735s train_loss 0.652837 train_acc 0.677479 test_loss 0.655227 test_acc 0.671136
[mpi] epoch 44 time 0.343166s train_loss 0.652189 train_acc 0.677568 test_loss 0.654627 test_acc 0.671402
[mpi] epoch 45 time 0.350532s train_loss 0.65155 train_acc 0.677391 test_loss 0.654037 test_acc 0.671402
[mpi] epoch 46 time 0.357741s train_loss 0.650921 train_acc 0.677744 test_loss 0.653456 test_acc 0.671402
[mpi] epoch 47 time 0.365055s train_loss 0.6503 train_acc 0.677744 test_loss 0.652883 test_acc 0.671535
[mpi] epoch 48 time 0.372468s train_loss 0.649688 train_acc 0.677921 test_loss 0.652319 test_acc 0.671402
[mpi] epoch 49 time 0.379835s train_loss 0.649085 train_acc 0.67801 test_loss 0.651763 test_acc 0.671535
[mpi] epoch 50 time 0.387853s train_loss 0.64849 train_acc 0.678098 test_loss 0.651216 test_acc 0.671402
[mpi] epoch 51 time 0.395622s train_loss 0.647904 train_acc 0.678186 test_loss 0.650676 test_acc 0.671402
[mpi] epoch 52 time 0.402862s train_loss 0.647325 train_acc 0.67801 test_loss 0.650144 test_acc 0.671402
[mpi] epoch 53 time 0.410238s train_loss 0.646755 train_acc 0.678275 test_loss 0.64962 test_acc 0.671402
[mpi] epoch 54 time 0.417461s train_loss 0.646193 train_acc 0.678628 test_loss 0.649104 test_acc 0.671668
[mpi] epoch 55 time 0.424824s train_loss 0.645638 train_acc 0.678805 test_loss 0.648595 test_acc 0.671535
[mpi] epoch 56 time 0.432203s train_loss 0.64509 train_acc 0.678717 test_loss 0.648093 test_acc 0.6718
[mpi] epoch 57 time 0.439577s train_loss 0.64455 train_acc 0.679424 test_loss 0.647599 test_acc 0.671933
[mpi] epoch 58 time 0.447s train_loss 0.644017 train_acc 0.679424 test_loss 0.647111 test_acc 0.671933
[mpi] epoch 59 time 0.454281s train_loss 0.643492 train_acc 0.679866 test_loss 0.64663 test_acc 0.672464
[mpi] epoch 60 time 0.46166s train_loss 0.642973 train_acc 0.680131 test_loss 0.646156 test_acc 0.672597
[mpi] epoch 61 time 0.468988s train_loss 0.642461 train_acc 0.680308 test_loss 0.645689 test_acc 0.672862
[mpi] epoch 62 time 0.4763s train_loss 0.641955 train_acc 0.680131 test_loss 0.645227 test_acc 0.673394
[mpi] epoch 63 time 0.483575s train_loss 0.641456 train_acc 0.680308 test_loss 0.644773 test_acc 0.673394
[mpi] epoch 64 time 0.490866s train_loss 0.640964 train_acc 0.680484 test_loss 0.644324 test_acc 0.673394
[mpi] epoch 65 time 0.498053s train_loss 0.640478 train_acc 0.680661 test_loss 0.643881 test_acc 0.673792
[mpi] epoch 66 time 0.505297s train_loss 0.639998 train_acc 0.680838 test_loss 0.643445 test_acc 0.673792
[mpi] epoch 67 time 0.512656s train_loss 0.639524 train_acc 0.681103 test_loss 0.643014 test_acc 0.67419
[mpi] epoch 68 time 0.519963s train_loss 0.639056 train_acc 0.68128 test_loss 0.642588 test_acc 0.67419
[mpi] epoch 69 time 0.527344s train_loss 0.638594 train_acc 0.681545 test_loss 0.642169 test_acc 0.674456
[mpi] epoch 70 time 0.53465s train_loss 0.638137 train_acc 0.682164 test_loss 0.641755 test_acc 0.674721
[mpi] epoch 71 time 0.542011s train_loss 0.637686 train_acc 0.682606 test_loss 0.641346 test_acc 0.674721
[mpi] epoch 72 time 0.549356s train_loss 0.637241 train_acc 0.683048 test_loss 0.640943 test_acc 0.674588
[mpi] epoch 73 time 0.556742s train_loss 0.636801 train_acc 0.683313 test_loss 0.640545 test_acc 0.674721
[mpi] epoch 74 time 0.564083s train_loss 0.636366 train_acc 0.683666 test_loss 0.640151 test_acc 0.674854
[mpi] epoch 75 time 0.571361s train_loss 0.635937 train_acc 0.68402 test_loss 0.639763 test_acc 0.675119
[mpi] epoch 76 time 0.578587s train_loss 0.635512 train_acc 0.684108 test_loss 0.63938 test_acc 0.675252
[mpi] epoch 77 time 0.585795s train_loss 0.635093 train_acc 0.684462 test_loss 0.639002 test_acc 0.675119
[mpi] epoch 78 time 0.593071s train_loss 0.634678 train_acc 0.68455 test_loss 0.638628 test_acc 0.675518
[mpi] epoch 79 time 0.600394s train_loss 0.634269 train_acc 0.68455 test_loss 0.638259 test_acc 0.675783
[mpi] epoch 80 time 0.607694s train_loss 0.633864 train_acc 0.684727 test_loss 0.637894 test_acc 0.675651
[mpi] epoch 81 time 0.615058s train_loss 0.633464 train_acc 0.684727 test_loss 0.637534 test_acc 0.676182
[mpi] epoch 82 time 0.622282s train_loss 0.633068 train_acc 0.684992 test_loss 0.637178 test_acc 0.676182
[mpi] epoch 83 time 0.629688s train_loss 0.632677 train_acc 0.685434 test_loss 0.636827 test_acc 0.676049
[mpi] epoch 84 time 0.637078s train_loss 0.63229 train_acc 0.685434 test_loss 0.636479 test_acc 0.676182
[mpi] epoch 85 time 0.644243s train_loss 0.631907 train_acc 0.685788 test_loss 0.636136 test_acc 0.676447
[mpi] epoch 86 time 0.651615s train_loss 0.631529 train_acc 0.685876 test_loss 0.635797 test_acc 0.676447
[mpi] epoch 87 time 0.658859s train_loss 0.631155 train_acc 0.685876 test_loss 0.635462 test_acc 0.676314
[mpi] epoch 88 time 0.666111s train_loss 0.630785 train_acc 0.686053 test_loss 0.635131 test_acc 0.67658
[mpi] epoch 89 time 0.673551s train_loss 0.630419 train_acc 0.686141 test_loss 0.634804 test_acc 0.676845
[mpi] epoch 90 time 0.680905s train_loss 0.630057 train_acc 0.686229 test_loss 0.63448 test_acc 0.676845
[mpi] epoch 91 time 0.688133s train_loss 0.629699 train_acc 0.686406 test_loss 0.63416 test_acc 0.677244
[mpi] epoch 92 time 0.695359s train_loss 0.629345 train_acc 0.686583 test_loss 0.633844 test_acc 0.677642
[mpi] epoch 93 time 0.702616s train_loss 0.628995 train_acc 0.68729 test_loss 0.633531 test_acc 0.677908
[mpi] epoch 94 time 0.709821s train_loss 0.628648 train_acc 0.687644 test_loss 0.633222 test_acc 0.678173
[mpi] epoch 95 time 0.717208s train_loss 0.628305 train_acc 0.688086 test_loss 0.632917 test_acc 0.678571
[mpi] epoch 96 time 0.724407s train_loss 0.627965 train_acc 0.688262 test_loss 0.632614 test_acc 0.678704
[mpi] epoch 97 time 0.731757s train_loss 0.627629 train_acc 0.688439 test_loss 0.632315 test_acc 0.678837
[mpi] epoch 98 time 0.739061s train_loss 0.627296 train_acc 0.688793 test_loss 0.63202 test_acc 0.679102
[mpi] epoch 99 time 0.746349s train_loss 0.626967 train_acc 0.689235 test_loss 0.631727 test_acc 0.679634
[mpi] epoch 100 time 0.753564s train_loss 0.626641 train_acc 0.689411 test_loss 0.631438 test_acc 0.680032
[mpi] epoch 101 time 0.760944s train_loss 0.626318 train_acc 0.689588 test_loss 0.631152 test_acc 0.68043
[mpi] epoch 102 time 0.768264s train_loss 0.625999 train_acc 0.689942 test_loss 0.630869 test_acc 0.68043
[mpi] epoch 103 time 0.775723s train_loss 0.625683 train_acc 0.690118 test_loss 0.630589 test_acc 0.680563
[mpi] epoch 104 time 0.782983s train_loss 0.625369 train_acc 0.690118 test_loss 0.630311 test_acc 0.680828
[mpi] epoch 105 time 0.790372s train_loss 0.625059 train_acc 0.690207 test_loss 0.630037 test_acc 0.681094
[mpi] epoch 106 time 0.797574s train_loss 0.624752 train_acc 0.690737 test_loss 0.629766 test_acc 0.681227
[mpi] epoch 107 time 0.80485s train_loss 0.624448 train_acc 0.690737 test_loss 0.629497 test_acc 0.68136
[mpi] epoch 108 time 0.812138s train_loss 0.624147 train_acc 0.691091 test_loss 0.629231 test_acc 0.681492
[mpi] epoch 109 time 0.819401s train_loss 0.623849 train_acc 0.691267 test_loss 0.628968 test_acc 0.681625
[mpi] epoch 110 time 0.826803s train_loss 0.623553 train_acc 0.691444 test_loss 0.628708 test_acc 0.681625
[mpi] epoch 111 time 0.834102s train_loss 0.623261 train_acc 0.691621 test_loss 0.62845 test_acc 0.681625
[mpi] epoch 112 time 0.841331s train_loss 0.622971 train_acc 0.69224 test_loss 0.628195 test_acc 0.681758
[mpi] epoch 113 time 0.848727s train_loss 0.622683 train_acc 0.692416 test_loss 0.627942 test_acc 0.681891
[mpi] epoch 114 time 0.856004s train_loss 0.622399 train_acc 0.692593 test_loss 0.627692 test_acc 0.681891
[mpi] epoch 115 time 0.863228s train_loss 0.622117 train_acc 0.692682 test_loss 0.627444 test_acc 0.682156
[mpi] epoch 116 time 0.87055s train_loss 0.621837 train_acc 0.692593 test_loss 0.627199 test_acc 0.682422
[mpi] epoch 117 time 0.877851s train_loss 0.62156 train_acc 0.692858 test_loss 0.626956 test_acc 0.682687
[mpi] epoch 118 time 0.88517s train_loss 0.621286 train_acc 0.692682 test_loss 0.626715 test_acc 0.68282
[mpi] epoch 119 time 0.892629s train_loss 0.621014 train_acc 0.692682 test_loss 0.626477 test_acc 0.683218
[mpi] epoch 120 time 0.900019s train_loss 0.620744 train_acc 0.692505 test_loss 0.626241 test_acc 0.683484
[mpi] epoch 121 time 0.907315s train_loss 0.620477 train_acc 0.693035 test_loss 0.626007 test_acc 0.683617
[mpi] epoch 122 time 0.914479s train_loss 0.620212 train_acc 0.693389 test_loss 0.625775 test_acc 0.684413
[mpi] epoch 123 time 0.92182s train_loss 0.61995 train_acc 0.693565 test_loss 0.625546 test_acc 0.684413
[mpi] epoch 124 time 0.929223s train_loss 0.61969 train_acc 0.693654 test_loss 0.625319 test_acc 0.684679
[mpi] epoch 125 time 0.93654s train_loss 0.619431 train_acc 0.694096 test_loss 0.625094 test_acc 0.684679
[mpi] epoch 126 time 0.943909s train_loss 0.619176 train_acc 0.694184 test_loss 0.62487 test_acc 0.684811
[mpi] epoch 127 time 0.95124s train_loss 0.618922 train_acc 0.694184 test_loss 0.624649 test_acc 0.684811
[mpi] epoch 128 time 0.958454s train_loss 0.618671 train_acc 0.694273 test_loss 0.62443 test_acc 0.685077
[mpi] epoch 129 time 0.96573s train_loss 0.618421 train_acc 0.694538 test_loss 0.624213 test_acc 0.685077
[mpi] epoch 130 time 0.973098s train_loss 0.618174 train_acc 0.694449 test_loss 0.623998 test_acc 0.68521
[mpi] epoch 131 time 0.980386s train_loss 0.617929 train_acc 0.694449 test_loss 0.623785 test_acc 0.685343
[mpi] epoch 132 time 0.987624s train_loss 0.617685 train_acc 0.694803 test_loss 0.623573 test_acc 0.685608
[mpi] epoch 133 time 0.994938s train_loss 0.617444 train_acc 0.694891 test_loss 0.623364 test_acc 0.686006
[mpi] epoch 134 time 1.00226s train_loss 0.617205 train_acc 0.695068 test_loss 0.623156 test_acc 0.686272
[mpi] epoch 135 time 1.00971s train_loss 0.616967 train_acc 0.695068 test_loss 0.62295 test_acc 0.686139
[mpi] epoch 136 time 1.01712s train_loss 0.616732 train_acc 0.695156 test_loss 0.622746 test_acc 0.686272
[mpi] epoch 137 time 1.02448s train_loss 0.616498 train_acc 0.695245 test_loss 0.622544 test_acc 0.686537
[mpi] epoch 138 time 1.0318s train_loss 0.616267 train_acc 0.69551 test_loss 0.622343 test_acc 0.68667
[mpi] epoch 139 time 1.03906s train_loss 0.616037 train_acc 0.695687 test_loss 0.622145 test_acc 0.686936
[mpi] epoch 140 time 1.04625s train_loss 0.615809 train_acc 0.695775 test_loss 0.621947 test_acc 0.686936
[mpi] epoch 141 time 1.05366s train_loss 0.615582 train_acc 0.695952 test_loss 0.621752 test_acc 0.687069
[mpi] epoch 142 time 1.06096s train_loss 0.615358 train_acc 0.696482 test_loss 0.621558 test_acc 0.687201
[mpi] epoch 143 time 1.06826s train_loss 0.615135 train_acc 0.697013 test_loss 0.621366 test_acc 0.687467
[mpi] epoch 144 time 1.07561s train_loss 0.614914 train_acc 0.697454 test_loss 0.621175 test_acc 0.687732
[mpi] epoch 145 time 1.08292s train_loss 0.614694 train_acc 0.69772 test_loss 0.620986 test_acc 0.687467
[mpi] epoch 146 time 1.09018s train_loss 0.614477 train_acc 0.697896 test_loss 0.620798 test_acc 0.687467
[mpi] epoch 147 time 1.0995s train_loss 0.61426 train_acc 0.698162 test_loss 0.620612 test_acc 0.687732
[mpi] epoch 148 time 1.10681s train_loss 0.614046 train_acc 0.698427 test_loss 0.620428 test_acc 0.688263
[mpi] epoch 149 time 1.11401s train_loss 0.613833 train_acc 0.698515 test_loss 0.620244 test_acc 0.688529
[mpi] epoch 150 time 1.12133s train_loss 0.613622 train_acc 0.699045 test_loss 0.620063 test_acc 0.688927
[mpi] epoch 151 time 1.12866s train_loss 0.613412 train_acc 0.699487 test_loss 0.619883 test_acc 0.689193
[mpi] epoch 152 time 1.136s train_loss 0.613204 train_acc 0.699576 test_loss 0.619704 test_acc 0.689458
[mpi] epoch 153 time 1.14328s train_loss 0.612997 train_acc 0.699753 test_loss 0.619526 test_acc 0.689989
[mpi] epoch 154 time 1.15057s train_loss 0.612792 train_acc 0.700018 test_loss 0.61935 test_acc 0.689989
[mpi] epoch 155 time 1.15788s train_loss 0.612588 train_acc 0.700283 test_loss 0.619176 test_acc 0.690388
[mpi] epoch 156 time 1.16506s train_loss 0.612385 train_acc 0.700636 test_loss 0.619003 test_acc 0.69052
[mpi] epoch 157 time 1.17241s train_loss 0.612185 train_acc 0.700725 test_loss 0.618831 test_acc 0.690919
[mpi] epoch 158 time 1.17972s train_loss 0.611985 train_acc 0.700813 test_loss 0.61866 test_acc 0.691052
[mpi] epoch 159 time 1.18716s train_loss 0.611787 train_acc 0.701255 test_loss 0.618491 test_acc 0.691317
[mpi] epoch 160 time 1.19453s train_loss 0.61159 train_acc 0.701609 test_loss 0.618323 test_acc 0.69145
[mpi] epoch 161 time 1.20183s train_loss 0.611395 train_acc 0.701962 test_loss 0.618156 test_acc 0.69145
[mpi] epoch 162 time 1.20898s train_loss 0.611201 train_acc 0.701962 test_loss 0.61799 test_acc 0.69145
[mpi] epoch 163 time 1.21629s train_loss 0.611009 train_acc 0.702404 test_loss 0.617826 test_acc 0.691583
[mpi] epoch 164 time 1.22368s train_loss 0.610817 train_acc 0.702669 test_loss 0.617663 test_acc 0.691848
[mpi] epoch 165 time 1.23096s train_loss 0.610627 train_acc 0.702846 test_loss 0.617501 test_acc 0.691848
[mpi] epoch 166 time 1.23825s train_loss 0.610439 train_acc 0.702846 test_loss 0.61734 test_acc 0.691848
[mpi] epoch 167 time 1.24554s train_loss 0.610251 train_acc 0.7032 test_loss 0.617181 test_acc 0.691981
[mpi] epoch 168 time 1.25294s train_loss 0.610065 train_acc 0.703553 test_loss 0.617023 test_acc 0.692114
[mpi] epoch 169 time 1.26032s train_loss 0.60988 train_acc 0.703995 test_loss 0.616865 test_acc 0.692379
[mpi] epoch 170 time 1.26768s train_loss 0.609696 train_acc 0.704083 test_loss 0.616709 test_acc 0.692512
[mpi] epoch 171 time 1.27501s train_loss 0.609514 train_acc 0.704349 test_loss 0.616554 test_acc 0.693043
[mpi] epoch 172 time 1.28238s train_loss 0.609333 train_acc 0.704437 test_loss 0.6164 test_acc 0.693309
[mpi] epoch 173 time 1.28967s train_loss 0.609153 train_acc 0.704879 test_loss 0.616248 test_acc 0.693574
[mpi] epoch 174 time 1.29698s train_loss 0.608974 train_acc 0.705232 test_loss 0.616096 test_acc 0.69384
[mpi] epoch 175 time 1.3043s train_loss 0.608796 train_acc 0.705056 test_loss 0.615945 test_acc 0.693707
[mpi] epoch 176 time 1.31162s train_loss 0.608619 train_acc 0.705144 test_loss 0.615796 test_acc 0.693972
[mpi] epoch 177 time 1.31902s train_loss 0.608444 train_acc 0.705586 test_loss 0.615647 test_acc 0.694503
[mpi] epoch 178 time 1.32613s train_loss 0.608269 train_acc 0.706028 test_loss 0.6155 test_acc 0.694902
[mpi] epoch 179 time 1.33352s train_loss 0.608096 train_acc 0.706205 test_loss 0.615353 test_acc 0.695035
[mpi] epoch 180 time 1.3408s train_loss 0.607924 train_acc 0.706293 test_loss 0.615208 test_acc 0.694902
[mpi] epoch 181 time 1.34814s train_loss 0.607753 train_acc 0.706735 test_loss 0.615063 test_acc 0.694769
[mpi] epoch 182 time 1.35548s train_loss 0.607583 train_acc 0.706823 test_loss 0.61492 test_acc 0.694769
[mpi] epoch 183 time 1.36292s train_loss 0.607414 train_acc 0.706823 test_loss 0.614777 test_acc 0.694769
[mpi] epoch 184 time 1.37024s train_loss 0.607246 train_acc 0.707177 test_loss 0.614635 test_acc 0.695167
[mpi] epoch 185 time 1.37753s train_loss 0.607079 train_acc 0.707442 test_loss 0.614495 test_acc 0.695035
[mpi] epoch 186 time 1.38488s train_loss 0.606913 train_acc 0.70753 test_loss 0.614355 test_acc 0.695566
[mpi] epoch 187 time 1.39221s train_loss 0.606749 train_acc 0.707619 test_loss 0.614216 test_acc 0.695698
[mpi] epoch 188 time 1.39943s train_loss 0.606585 train_acc 0.707796 test_loss 0.614078 test_acc 0.695831
[mpi] epoch 189 time 1.40683s train_loss 0.606422 train_acc 0.707884 test_loss 0.613941 test_acc 0.696229
[mpi] epoch 190 time 1.41418s train_loss 0.60626 train_acc 0.707972 test_loss 0.613805 test_acc 0.696362
[mpi] epoch 191 time 1.42152s train_loss 0.606099 train_acc 0.708149 test_loss 0.61367 test_acc 0.696362
[mpi] epoch 192 time 1.42879s train_loss 0.605939 train_acc 0.708326 test_loss 0.613536 test_acc 0.696495
[mpi] epoch 193 time 1.43609s train_loss 0.60578 train_acc 0.708414 test_loss 0.613402 test_acc 0.696893
[mpi] epoch 194 time 1.44342s train_loss 0.605622 train_acc 0.70868 test_loss 0.61327 test_acc 0.697159
[mpi] epoch 195 time 1.45065s train_loss 0.605465 train_acc 0.708856 test_loss 0.613138 test_acc 0.697292
[mpi] epoch 196 time 1.45791s train_loss 0.605309 train_acc 0.708945 test_loss 0.613007 test_acc 0.697292
[mpi] epoch 197 time 1.46538s train_loss 0.605154 train_acc 0.709033 test_loss 0.612877 test_acc 0.697424
[mpi] epoch 198 time 1.47266s train_loss 0.605 train_acc 0.70921 test_loss 0.612748 test_acc 0.69769
[mpi] epoch 199 time 1.47998s train_loss 0.604846 train_acc 0.709387 test_loss 0.61262 test_acc 0.698088
[mpi] epoch 200 time 1.48706s train_loss 0.604694 train_acc 0.709298 test_loss 0.612492 test_acc 0.698221
Training finished in 1.48708 seconds.
