MPI processes: 32
Dataset: data/20newsgroup/20newsgroup_train.svm
Epochs: 200
Learning rate: 1
Lambda: 0.001
Overlap: enabled
[mpi] epoch 1 time 0.0145378s train_loss 0.690467 train_acc 0.517417 test_loss 0.690304 test_acc 0.512133
[mpi] epoch 2 time 0.0257906s train_loss 0.687928 train_acc 0.548853 test_loss 0.687625 test_acc 0.54917
[mpi] epoch 3 time 0.0315661s train_loss 0.685473 train_acc 0.581138 test_loss 0.685046 test_acc 0.586207
[mpi] epoch 4 time 0.0373819s train_loss 0.683074 train_acc 0.623619 test_loss 0.682534 test_acc 0.634738
[mpi] epoch 5 time 0.0430503s train_loss 0.680717 train_acc 0.656754 test_loss 0.680073 test_acc 0.661558
[mpi] epoch 6 time 0.0488457s train_loss 0.678398 train_acc 0.677995 test_loss 0.677655 test_acc 0.687101
[mpi] epoch 7 time 0.0547481s train_loss 0.676112 train_acc 0.690739 test_loss 0.675276 test_acc 0.710089
[mpi] epoch 8 time 0.060476s train_loss 0.673858 train_acc 0.707732 test_loss 0.672933 test_acc 0.726692
[mpi] epoch 9 time 0.0663156s train_loss 0.671634 train_acc 0.723874 test_loss 0.670624 test_acc 0.735632
[mpi] epoch 10 time 0.0719742s train_loss 0.669441 train_acc 0.729822 test_loss 0.668349 test_acc 0.753512
[mpi] epoch 11 time 0.0785187s train_loss 0.667277 train_acc 0.741716 test_loss 0.666106 test_acc 0.758621
[mpi] epoch 12 time 0.0848455s train_loss 0.665142 train_acc 0.75616 test_loss 0.663895 test_acc 0.766284
[mpi] epoch 13 time 0.0906598s train_loss 0.663035 train_acc 0.761257 test_loss 0.661714 test_acc 0.768838
[mpi] epoch 14 time 0.0965253s train_loss 0.660956 train_acc 0.764656 test_loss 0.659564 test_acc 0.776501
[mpi] epoch 15 time 0.102362s train_loss 0.658904 train_acc 0.768904 test_loss 0.657443 test_acc 0.777778
[mpi] epoch 16 time 0.108488s train_loss 0.656878 train_acc 0.776551 test_loss 0.655351 test_acc 0.781609
[mpi] epoch 17 time 0.114288s train_loss 0.654879 train_acc 0.779099 test_loss 0.653287 test_acc 0.786718
[mpi] epoch 18 time 0.119998s train_loss 0.652906 train_acc 0.779949 test_loss 0.651252 test_acc 0.787995
[mpi] epoch 19 time 0.125722s train_loss 0.650958 train_acc 0.779949 test_loss 0.649244 test_acc 0.794381
[mpi] epoch 20 time 0.13141s train_loss 0.649035 train_acc 0.781648 test_loss 0.647262 test_acc 0.794381
[mpi] epoch 21 time 0.137176s train_loss 0.647136 train_acc 0.781648 test_loss 0.645307 test_acc 0.793103
[mpi] epoch 22 time 0.142897s train_loss 0.645261 train_acc 0.782498 test_loss 0.643379 test_acc 0.794381
[mpi] epoch 23 time 0.148725s train_loss 0.64341 train_acc 0.786746 test_loss 0.641475 test_acc 0.795658
[mpi] epoch 24 time 0.154333s train_loss 0.641581 train_acc 0.789295 test_loss 0.639597 test_acc 0.799489
[mpi] epoch 25 time 0.160137s train_loss 0.639776 train_acc 0.790144 test_loss 0.637743 test_acc 0.798212
[mpi] epoch 26 time 0.165948s train_loss 0.637992 train_acc 0.790994 test_loss 0.635914 test_acc 0.799489
[mpi] epoch 27 time 0.171858s train_loss 0.636231 train_acc 0.792693 test_loss 0.634108 test_acc 0.799489
[mpi] epoch 28 time 0.177523s train_loss 0.634491 train_acc 0.795242 test_loss 0.632325 test_acc 0.802043
[mpi] epoch 29 time 0.183324s train_loss 0.632772 train_acc 0.796941 test_loss 0.630566 test_acc 0.804598
[mpi] epoch 30 time 0.189024s train_loss 0.631074 train_acc 0.796941 test_loss 0.628829 test_acc 0.807152
[mpi] epoch 31 time 0.195783s train_loss 0.629396 train_acc 0.80034 test_loss 0.627114 test_acc 0.807152
[mpi] epoch 32 time 0.203865s train_loss 0.627738 train_acc 0.798641 test_loss 0.62542 test_acc 0.805875
[mpi] epoch 33 time 0.210895s train_loss 0.6261 train_acc 0.801189 test_loss 0.623748 test_acc 0.808429
[mpi] epoch 34 time 0.217675s train_loss 0.624481 train_acc 0.801189 test_loss 0.622097 test_acc 0.809706
[mpi] epoch 35 time 0.225993s train_loss 0.622882 train_acc 0.801189 test_loss 0.620467 test_acc 0.809706
[mpi] epoch 36 time 0.233095s train_loss 0.6213 train_acc 0.805438 test_loss 0.618857 test_acc 0.809706
[mpi] epoch 37 time 0.24108s train_loss 0.619737 train_acc 0.806287 test_loss 0.617267 test_acc 0.809706
[mpi] epoch 38 time 0.246997s train_loss 0.618193 train_acc 0.803738 test_loss 0.615696 test_acc 0.809706
[mpi] epoch 39 time 0.252949s train_loss 0.616666 train_acc 0.806287 test_loss 0.614144 test_acc 0.810983
[mpi] epoch 40 time 0.258945s train_loss 0.615156 train_acc 0.806287 test_loss 0.612612 test_acc 0.814815
[mpi] epoch 41 time 0.264637s train_loss 0.613663 train_acc 0.807137 test_loss 0.611098 test_acc 0.816092
[mpi] epoch 42 time 0.270547s train_loss 0.612187 train_acc 0.807137 test_loss 0.609602 test_acc 0.818646
[mpi] epoch 43 time 0.276322s train_loss 0.610728 train_acc 0.806287 test_loss 0.608125 test_acc 0.819923
[mpi] epoch 44 time 0.281951s train_loss 0.609285 train_acc 0.806287 test_loss 0.606664 test_acc 0.819923
[mpi] epoch 45 time 0.287755s train_loss 0.607858 train_acc 0.807137 test_loss 0.605222 test_acc 0.819923
[mpi] epoch 46 time 0.293378s train_loss 0.606447 train_acc 0.807986 test_loss 0.603796 test_acc 0.819923
[mpi] epoch 47 time 0.299511s train_loss 0.605051 train_acc 0.808836 test_loss 0.602387 test_acc 0.819923
[mpi] epoch 48 time 0.305322s train_loss 0.60367 train_acc 0.808836 test_loss 0.600995 test_acc 0.822478
[mpi] epoch 49 time 0.310906s train_loss 0.602304 train_acc 0.810535 test_loss 0.599619 test_acc 0.822478
[mpi] epoch 50 time 0.316616s train_loss 0.600953 train_acc 0.811385 test_loss 0.598259 test_acc 0.825032
[mpi] epoch 51 time 0.322329s train_loss 0.599617 train_acc 0.812234 test_loss 0.596914 test_acc 0.825032
[mpi] epoch 52 time 0.328092s train_loss 0.598294 train_acc 0.813934 test_loss 0.595585 test_acc 0.828863
[mpi] epoch 53 time 0.335057s train_loss 0.596986 train_acc 0.814783 test_loss 0.594271 test_acc 0.83014
[mpi] epoch 54 time 0.340789s train_loss 0.595691 train_acc 0.814783 test_loss 0.592972 test_acc 0.83014
[mpi] epoch 55 time 0.346511s train_loss 0.59441 train_acc 0.816483 test_loss 0.591688 test_acc 0.832695
[mpi] epoch 56 time 0.352252s train_loss 0.593142 train_acc 0.816483 test_loss 0.590418 test_acc 0.832695
[mpi] epoch 57 time 0.358034s train_loss 0.591887 train_acc 0.817332 test_loss 0.589163 test_acc 0.833972
[mpi] epoch 58 time 0.363706s train_loss 0.590646 train_acc 0.818182 test_loss 0.587922 test_acc 0.833972
[mpi] epoch 59 time 0.36933s train_loss 0.589417 train_acc 0.819031 test_loss 0.586694 test_acc 0.833972
[mpi] epoch 60 time 0.374853s train_loss 0.5882 train_acc 0.819881 test_loss 0.58548 test_acc 0.835249
[mpi] epoch 61 time 0.380676s train_loss 0.586996 train_acc 0.819881 test_loss 0.584279 test_acc 0.835249
[mpi] epoch 62 time 0.386412s train_loss 0.585803 train_acc 0.820731 test_loss 0.583091 test_acc 0.836526
[mpi] epoch 63 time 0.392012s train_loss 0.584623 train_acc 0.82243 test_loss 0.581917 test_acc 0.836526
[mpi] epoch 64 time 0.397835s train_loss 0.583455 train_acc 0.825828 test_loss 0.580755 test_acc 0.836526
[mpi] epoch 65 time 0.403489s train_loss 0.582298 train_acc 0.825828 test_loss 0.579605 test_acc 0.836526
[mpi] epoch 66 time 0.409208s train_loss 0.581152 train_acc 0.827528 test_loss 0.578468 test_acc 0.836526
[mpi] epoch 67 time 0.414813s train_loss 0.580018 train_acc 0.827528 test_loss 0.577343 test_acc 0.836526
[mpi] epoch 68 time 0.420494s train_loss 0.578894 train_acc 0.828377 test_loss 0.576231 test_acc 0.837803
[mpi] epoch 69 time 0.426194s train_loss 0.577782 train_acc 0.828377 test_loss 0.575129 test_acc 0.837803
[mpi] epoch 70 time 0.431961s train_loss 0.57668 train_acc 0.827528 test_loss 0.57404 test_acc 0.837803
[mpi] epoch 71 time 0.437642s train_loss 0.575588 train_acc 0.826678 test_loss 0.572962 test_acc 0.837803
[mpi] epoch 72 time 0.443361s train_loss 0.574508 train_acc 0.826678 test_loss 0.571895 test_acc 0.837803
[mpi] epoch 73 time 0.449086s train_loss 0.573437 train_acc 0.827528 test_loss 0.570839 test_acc 0.83908
[mpi] epoch 74 time 0.454804s train_loss 0.572376 train_acc 0.827528 test_loss 0.569794 test_acc 0.83908
[mpi] epoch 75 time 0.460511s train_loss 0.571326 train_acc 0.829227 test_loss 0.56876 test_acc 0.83908
[mpi] epoch 76 time 0.466243s train_loss 0.570285 train_acc 0.830076 test_loss 0.567737 test_acc 0.83908
[mpi] epoch 77 time 0.471801s train_loss 0.569253 train_acc 0.830926 test_loss 0.566724 test_acc 0.83908
[mpi] epoch 78 time 0.477438s train_loss 0.568232 train_acc 0.830926 test_loss 0.565721 test_acc 0.83908
[mpi] epoch 79 time 0.483208s train_loss 0.567219 train_acc 0.830926 test_loss 0.564729 test_acc 0.83908
[mpi] epoch 80 time 0.488998s train_loss 0.566216 train_acc 0.830926 test_loss 0.563746 test_acc 0.83908
[mpi] epoch 81 time 0.494773s train_loss 0.565222 train_acc 0.830926 test_loss 0.562773 test_acc 0.83908
[mpi] epoch 82 time 0.503983s train_loss 0.564237 train_acc 0.832625 test_loss 0.56181 test_acc 0.83908
[mpi] epoch 83 time 0.51118s train_loss 0.563261 train_acc 0.832625 test_loss 0.560857 test_acc 0.83908
[mpi] epoch 84 time 0.516868s train_loss 0.562293 train_acc 0.832625 test_loss 0.559913 test_acc 0.83908
[mpi] epoch 85 time 0.522723s train_loss 0.561334 train_acc 0.832625 test_loss 0.558978 test_acc 0.840358
[mpi] epoch 86 time 0.528529s train_loss 0.560384 train_acc 0.832625 test_loss 0.558053 test_acc 0.840358
[mpi] epoch 87 time 0.534567s train_loss 0.559442 train_acc 0.832625 test_loss 0.557136 test_acc 0.841635
[mpi] epoch 88 time 0.540463s train_loss 0.558508 train_acc 0.832625 test_loss 0.556229 test_acc 0.842912
[mpi] epoch 89 time 0.546285s train_loss 0.557582 train_acc 0.832625 test_loss 0.55533 test_acc 0.842912
[mpi] epoch 90 time 0.552359s train_loss 0.556664 train_acc 0.832625 test_loss 0.55444 test_acc 0.842912
[mpi] epoch 91 time 0.558243s train_loss 0.555754 train_acc 0.832625 test_loss 0.553558 test_acc 0.842912
[mpi] epoch 92 time 0.564257s train_loss 0.554852 train_acc 0.832625 test_loss 0.552685 test_acc 0.842912
[mpi] epoch 93 time 0.570286s train_loss 0.553958 train_acc 0.833475 test_loss 0.55182 test_acc 0.844189
[mpi] epoch 94 time 0.5759s train_loss 0.553072 train_acc 0.833475 test_loss 0.550964 test_acc 0.845466
[mpi] epoch 95 time 0.581808s train_loss 0.552192 train_acc 0.833475 test_loss 0.550115 test_acc 0.845466
[mpi] epoch 96 time 0.587727s train_loss 0.551321 train_acc 0.834325 test_loss 0.549275 test_acc 0.845466
[mpi] epoch 97 time 0.593477s train_loss 0.550456 train_acc 0.835174 test_loss 0.548442 test_acc 0.845466
[mpi] epoch 98 time 0.599441s train_loss 0.549599 train_acc 0.835174 test_loss 0.547617 test_acc 0.846743
[mpi] epoch 99 time 0.60543s train_loss 0.548749 train_acc 0.836873 test_loss 0.5468 test_acc 0.846743
[mpi] epoch 100 time 0.611327s train_loss 0.547905 train_acc 0.836873 test_loss 0.54599 test_acc 0.846743
[mpi] epoch 101 time 0.617088s train_loss 0.547069 train_acc 0.837723 test_loss 0.545188 test_acc 0.846743
[mpi] epoch 102 time 0.623038s train_loss 0.54624 train_acc 0.837723 test_loss 0.544393 test_acc 0.846743
[mpi] epoch 103 time 0.628752s train_loss 0.545417 train_acc 0.838573 test_loss 0.543605 test_acc 0.846743
[mpi] epoch 104 time 0.63474s train_loss 0.544601 train_acc 0.839422 test_loss 0.542825 test_acc 0.846743
[mpi] epoch 105 time 0.640657s train_loss 0.543792 train_acc 0.840272 test_loss 0.542052 test_acc 0.846743
[mpi] epoch 106 time 0.646451s train_loss 0.542989 train_acc 0.840272 test_loss 0.541285 test_acc 0.84802
[mpi] epoch 107 time 0.652159s train_loss 0.542193 train_acc 0.840272 test_loss 0.540526 test_acc 0.84802
[mpi] epoch 108 time 0.65802s train_loss 0.541403 train_acc 0.841121 test_loss 0.539773 test_acc 0.84802
[mpi] epoch 109 time 0.663903s train_loss 0.540619 train_acc 0.842821 test_loss 0.539027 test_acc 0.84802
[mpi] epoch 110 time 0.669785s train_loss 0.539841 train_acc 0.84452 test_loss 0.538288 test_acc 0.84802
[mpi] epoch 111 time 0.675635s train_loss 0.53907 train_acc 0.84452 test_loss 0.537555 test_acc 0.84802
[mpi] epoch 112 time 0.681479s train_loss 0.538304 train_acc 0.84452 test_loss 0.536829 test_acc 0.84802
[mpi] epoch 113 time 0.687209s train_loss 0.537545 train_acc 0.846219 test_loss 0.536109 test_acc 0.849298
[mpi] epoch 114 time 0.693141s train_loss 0.536791 train_acc 0.847069 test_loss 0.535396 test_acc 0.849298
[mpi] epoch 115 time 0.699017s train_loss 0.536043 train_acc 0.847918 test_loss 0.534688 test_acc 0.851852
[mpi] epoch 116 time 0.704844s train_loss 0.535301 train_acc 0.849618 test_loss 0.533987 test_acc 0.851852
[mpi] epoch 117 time 0.710654s train_loss 0.534565 train_acc 0.849618 test_loss 0.533292 test_acc 0.851852
[mpi] epoch 118 time 0.716532s train_loss 0.533834 train_acc 0.849618 test_loss 0.532603 test_acc 0.851852
[mpi] epoch 119 time 0.722345s train_loss 0.533109 train_acc 0.849618 test_loss 0.53192 test_acc 0.851852
[mpi] epoch 120 time 0.728277s train_loss 0.532389 train_acc 0.850467 test_loss 0.531243 test_acc 0.851852
[mpi] epoch 121 time 0.734197s train_loss 0.531675 train_acc 0.850467 test_loss 0.530571 test_acc 0.851852
[mpi] epoch 122 time 0.740161s train_loss 0.530966 train_acc 0.852167 test_loss 0.529905 test_acc 0.851852
[mpi] epoch 123 time 0.746193s train_loss 0.530263 train_acc 0.852167 test_loss 0.529245 test_acc 0.853129
[mpi] epoch 124 time 0.751886s train_loss 0.529564 train_acc 0.852167 test_loss 0.528591 test_acc 0.853129
[mpi] epoch 125 time 0.757654s train_loss 0.528871 train_acc 0.852167 test_loss 0.527942 test_acc 0.854406
[mpi] epoch 126 time 0.763604s train_loss 0.528183 train_acc 0.852167 test_loss 0.527298 test_acc 0.854406
[mpi] epoch 127 time 0.76943s train_loss 0.5275 train_acc 0.852167 test_loss 0.52666 test_acc 0.854406
[mpi] epoch 128 time 0.775381s train_loss 0.526822 train_acc 0.852167 test_loss 0.526027 test_acc 0.855683
[mpi] epoch 129 time 0.781242s train_loss 0.526149 train_acc 0.852167 test_loss 0.5254 test_acc 0.85696
[mpi] epoch 130 time 0.787159s train_loss 0.525481 train_acc 0.852167 test_loss 0.524777 test_acc 0.85696
[mpi] epoch 131 time 0.792898s train_loss 0.524818 train_acc 0.852167 test_loss 0.52416 test_acc 0.85696
[mpi] epoch 132 time 0.798728s train_loss 0.524159 train_acc 0.852167 test_loss 0.523548 test_acc 0.85696
[mpi] epoch 133 time 0.804561s train_loss 0.523505 train_acc 0.853016 test_loss 0.522941 test_acc 0.858238
[mpi] epoch 134 time 0.810265s train_loss 0.522856 train_acc 0.853016 test_loss 0.522339 test_acc 0.858238
[mpi] epoch 135 time 0.816113s train_loss 0.522212 train_acc 0.853016 test_loss 0.521742 test_acc 0.859515
[mpi] epoch 136 time 0.82195s train_loss 0.521572 train_acc 0.853866 test_loss 0.52115 test_acc 0.859515
[mpi] epoch 137 time 0.8277s train_loss 0.520937 train_acc 0.853866 test_loss 0.520562 test_acc 0.859515
[mpi] epoch 138 time 0.833379s train_loss 0.520306 train_acc 0.853866 test_loss 0.519979 test_acc 0.860792
[mpi] epoch 139 time 0.839109s train_loss 0.51968 train_acc 0.855565 test_loss 0.519401 test_acc 0.860792
[mpi] epoch 140 time 0.845025s train_loss 0.519058 train_acc 0.856415 test_loss 0.518828 test_acc 0.860792
[mpi] epoch 141 time 0.850903s train_loss 0.51844 train_acc 0.856415 test_loss 0.518259 test_acc 0.862069
[mpi] epoch 142 time 0.856835s train_loss 0.517827 train_acc 0.856415 test_loss 0.517695 test_acc 0.863346
[mpi] epoch 143 time 0.862495s train_loss 0.517218 train_acc 0.856415 test_loss 0.517135 test_acc 0.864623
[mpi] epoch 144 time 0.86848s train_loss 0.516613 train_acc 0.856415 test_loss 0.51658 test_acc 0.864623
[mpi] epoch 145 time 0.874296s train_loss 0.516012 train_acc 0.856415 test_loss 0.516029 test_acc 0.864623
[mpi] epoch 146 time 0.880183s train_loss 0.515416 train_acc 0.857264 test_loss 0.515482 test_acc 0.864623
[mpi] epoch 147 time 0.886104s train_loss 0.514823 train_acc 0.857264 test_loss 0.51494 test_acc 0.8659
[mpi] epoch 148 time 0.892152s train_loss 0.514235 train_acc 0.857264 test_loss 0.514402 test_acc 0.8659
[mpi] epoch 149 time 0.898065s train_loss 0.513651 train_acc 0.858963 test_loss 0.513869 test_acc 0.8659
[mpi] epoch 150 time 0.904097s train_loss 0.51307 train_acc 0.859813 test_loss 0.513339 test_acc 0.8659
[mpi] epoch 151 time 0.910072s train_loss 0.512494 train_acc 0.859813 test_loss 0.512814 test_acc 0.8659
[mpi] epoch 152 time 0.91596s train_loss 0.511921 train_acc 0.861512 test_loss 0.512292 test_acc 0.8659
[mpi] epoch 153 time 0.921916s train_loss 0.511352 train_acc 0.862362 test_loss 0.511775 test_acc 0.8659
[mpi] epoch 154 time 0.927799s train_loss 0.510788 train_acc 0.864061 test_loss 0.511262 test_acc 0.8659
[mpi] epoch 155 time 0.933582s train_loss 0.510226 train_acc 0.864911 test_loss 0.510752 test_acc 0.868455
[mpi] epoch 156 time 0.939507s train_loss 0.509669 train_acc 0.864911 test_loss 0.510247 test_acc 0.868455
[mpi] epoch 157 time 0.945489s train_loss 0.509115 train_acc 0.86661 test_loss 0.509745 test_acc 0.867178
[mpi] epoch 158 time 0.951307s train_loss 0.508565 train_acc 0.86661 test_loss 0.509247 test_acc 0.867178
[mpi] epoch 159 time 0.957214s train_loss 0.508019 train_acc 0.86661 test_loss 0.508753 test_acc 0.867178
[mpi] epoch 160 time 0.963035s train_loss 0.507476 train_acc 0.86661 test_loss 0.508263 test_acc 0.867178
[mpi] epoch 161 time 0.968929s train_loss 0.506937 train_acc 0.86661 test_loss 0.507777 test_acc 0.869732
[mpi] epoch 162 time 0.974733s train_loss 0.506401 train_acc 0.86661 test_loss 0.507294 test_acc 0.869732
[mpi] epoch 163 time 0.980636s train_loss 0.505869 train_acc 0.86746 test_loss 0.506815 test_acc 0.869732
[mpi] epoch 164 time 0.986566s train_loss 0.50534 train_acc 0.86746 test_loss 0.506339 test_acc 0.872286
[mpi] epoch 165 time 0.992569s train_loss 0.504815 train_acc 0.86746 test_loss 0.505867 test_acc 0.872286
[mpi] epoch 166 time 0.998619s train_loss 0.504293 train_acc 0.86746 test_loss 0.505399 test_acc 0.873563
[mpi] epoch 167 time 1.00427s train_loss 0.503774 train_acc 0.86746 test_loss 0.504934 test_acc 0.873563
[mpi] epoch 168 time 1.01008s train_loss 0.503259 train_acc 0.86746 test_loss 0.504473 test_acc 0.873563
[mpi] epoch 169 time 1.01581s train_loss 0.502747 train_acc 0.868309 test_loss 0.504015 test_acc 0.873563
[mpi] epoch 170 time 1.02159s train_loss 0.502239 train_acc 0.868309 test_loss 0.50356 test_acc 0.873563
[mpi] epoch 171 time 1.02758s train_loss 0.501733 train_acc 0.869159 test_loss 0.503109 test_acc 0.873563
[mpi] epoch 172 time 1.03338s train_loss 0.501231 train_acc 0.869159 test_loss 0.502661 test_acc 0.873563
[mpi] epoch 173 time 1.03924s train_loss 0.500732 train_acc 0.869159 test_loss 0.502216 test_acc 0.873563
[mpi] epoch 174 time 1.04536s train_loss 0.500236 train_acc 0.870008 test_loss 0.501775 test_acc 0.873563
[mpi] epoch 175 time 1.05132s train_loss 0.499743 train_acc 0.870008 test_loss 0.501337 test_acc 0.873563
[mpi] epoch 176 time 1.05713s train_loss 0.499254 train_acc 0.870858 test_loss 0.500902 test_acc 0.87484
[mpi] epoch 177 time 1.06295s train_loss 0.498767 train_acc 0.870858 test_loss 0.50047 test_acc 0.87484
[mpi] epoch 178 time 1.06874s train_loss 0.498284 train_acc 0.870858 test_loss 0.500042 test_acc 0.87484
[mpi] epoch 179 time 1.07464s train_loss 0.497803 train_acc 0.870858 test_loss 0.499616 test_acc 0.87484
[mpi] epoch 180 time 1.08064s train_loss 0.497326 train_acc 0.870858 test_loss 0.499194 test_acc 0.87484
[mpi] epoch 181 time 1.0865s train_loss 0.496851 train_acc 0.870858 test_loss 0.498775 test_acc 0.87484
[mpi] epoch 182 time 1.09258s train_loss 0.49638 train_acc 0.870858 test_loss 0.498358 test_acc 0.876117
[mpi] epoch 183 time 1.09843s train_loss 0.495911 train_acc 0.871708 test_loss 0.497945 test_acc 0.876117
[mpi] epoch 184 time 1.10454s train_loss 0.495445 train_acc 0.871708 test_loss 0.497535 test_acc 0.876117
[mpi] epoch 185 time 1.11036s train_loss 0.494983 train_acc 0.871708 test_loss 0.497128 test_acc 0.877395
[mpi] epoch 186 time 1.11621s train_loss 0.494523 train_acc 0.871708 test_loss 0.496723 test_acc 0.878672
[mpi] epoch 187 time 1.12208s train_loss 0.494065 train_acc 0.871708 test_loss 0.496322 test_acc 0.878672
[mpi] epoch 188 time 1.12812s train_loss 0.493611 train_acc 0.871708 test_loss 0.495923 test_acc 0.878672
[mpi] epoch 189 time 1.13395s train_loss 0.493159 train_acc 0.871708 test_loss 0.495527 test_acc 0.878672
[mpi] epoch 190 time 1.13976s train_loss 0.49271 train_acc 0.871708 test_loss 0.495134 test_acc 0.878672
[mpi] epoch 191 time 1.1456s train_loss 0.492264 train_acc 0.871708 test_loss 0.494744 test_acc 0.878672
[mpi] epoch 192 time 1.15167s train_loss 0.491821 train_acc 0.871708 test_loss 0.494357 test_acc 0.878672
[mpi] epoch 193 time 1.15764s train_loss 0.49138 train_acc 0.872557 test_loss 0.493972 test_acc 0.878672
[mpi] epoch 194 time 1.16353s train_loss 0.490942 train_acc 0.872557 test_loss 0.49359 test_acc 0.879949
[mpi] epoch 195 time 1.16949s train_loss 0.490506 train_acc 0.873407 test_loss 0.493211 test_acc 0.879949
[mpi] epoch 196 time 1.17545s train_loss 0.490073 train_acc 0.873407 test_loss 0.492834 test_acc 0.881226
[mpi] epoch 197 time 1.18139s train_loss 0.489643 train_acc 0.874257 test_loss 0.49246 test_acc 0.879949
[mpi] epoch 198 time 1.18719s train_loss 0.489215 train_acc 0.874257 test_loss 0.492089 test_acc 0.879949
[mpi] epoch 199 time 1.19298s train_loss 0.48879 train_acc 0.874257 test_loss 0.49172 test_acc 0.879949
[mpi] epoch 200 time 1.1988s train_loss 0.488367 train_acc 0.874257 test_loss 0.491354 test_acc 0.879949
Training finished in 1.19882 seconds.
